Unity Editor version:    6000.0.33f1 (433b0a79340b)
Branch:                  6000.0/staging
Build type:              Release
Batch mode:              YES
System name:             Linux
Distro version:          #29~24.04.1-Ubuntu SMP PREEMPT_DYNAMIC Thu Aug 14 16:52:50 UTC 2
Kernel version:          6.14.0-29-generic
Architecture:            x86_64
Available memory:        15614 MB
Using pre-set license
Pro License: YES
The selected window backend is (null) 
Desktop is 1920 x 1080 @ 60 Hz
Initialize udev device monitor.

COMMAND LINE ARGUMENTS:
Unity
-adb2
-batchMode
-noUpm
-name
AssetImportWorker0
-projectPath
/home/anirudhmanoj/Documents/VLLang/VLLang
-logFile
Logs/AssetImportWorker0.log
-srvPort
42795
-job-worker-count
5
-background-job-worker-count
8
-gc-helper-count
1
Successfully changed project path to: /home/anirudhmanoj/Documents/VLLang/VLLang

(Unity:19419): Gtk-CRITICAL **: 10:32:30.425: gtk_label_set_text: assertion 'GTK_IS_LABEL (label)' failed

(Unity:19419): Gtk-CRITICAL **: 10:32:30.425: gtk_label_set_text: assertion 'GTK_IS_LABEL (label)' failed
/home/anirudhmanoj/Documents/VLLang/VLLang
[UnityMemory] Configuration Parameters - Can be set up in boot.config
    "memorysetup-bucket-allocator-granularity=16"
    "memorysetup-bucket-allocator-bucket-count=8"
    "memorysetup-bucket-allocator-block-size=33554432"
    "memorysetup-bucket-allocator-block-count=8"
    "memorysetup-main-allocator-block-size=16777216"
    "memorysetup-thread-allocator-block-size=16777216"
    "memorysetup-gfx-main-allocator-block-size=16777216"
    "memorysetup-gfx-thread-allocator-block-size=16777216"
    "memorysetup-cache-allocator-block-size=4194304"
    "memorysetup-typetree-allocator-block-size=2097152"
    "memorysetup-profiler-bucket-allocator-granularity=16"
    "memorysetup-profiler-bucket-allocator-bucket-count=8"
    "memorysetup-profiler-bucket-allocator-block-size=33554432"
    "memorysetup-profiler-bucket-allocator-block-count=8"
    "memorysetup-profiler-allocator-block-size=16777216"
    "memorysetup-profiler-editor-allocator-block-size=1048576"
    "memorysetup-temp-allocator-size-main=16777216"
    "memorysetup-job-temp-allocator-block-size=2097152"
    "memorysetup-job-temp-allocator-block-size-background=1048576"
    "memorysetup-job-temp-allocator-reduction-small-platforms=262144"
    "memorysetup-allocator-temp-initial-block-size-main=262144"
    "memorysetup-allocator-temp-initial-block-size-worker=262144"
    "memorysetup-temp-allocator-size-background-worker=32768"
    "memorysetup-temp-allocator-size-job-worker=262144"
    "memorysetup-temp-allocator-size-preload-manager=33554432"
    "memorysetup-temp-allocator-size-nav-mesh-worker=65536"
    "memorysetup-temp-allocator-size-audio-worker=65536"
    "memorysetup-temp-allocator-size-cloud-worker=32768"
    "memorysetup-temp-allocator-size-gi-baking-worker=262144"
    "memorysetup-temp-allocator-size-gi-baking-worker=262144"
    "memorysetup-temp-allocator-size-gi-baking-worker=262144"
    "memorysetup-temp-allocator-size-gi-baking-worker=262144"
    "memorysetup-temp-allocator-size-gi-baking-worker=262144"
    "memorysetup-temp-allocator-size-gfx=262144"
Player connection [130039529739584]  Target information:

Player connection [130039529739584]  * "[IP] 192.168.1.48 [Port] 0 [Flags] 2 [Guid] 217321288 [EditorId] 217321288 [Version] 1048832 [Id] LinuxEditor(16,192.168.1.48) [Debug] 1 [PackageName] LinuxEditor [ProjectName] Editor" 

Player connection [130039529739584]  * "[IP] 172.19.0.1 [Port] 0 [Flags] 2 [Guid] 217321288 [EditorId] 217321288 [Version] 1048832 [Id] LinuxEditor(16,192.168.1.48) [Debug] 1 [PackageName] LinuxEditor [ProjectName] Editor" 

Player connection [130039529739584]  * "[IP] 172.18.0.1 [Port] 0 [Flags] 2 [Guid] 217321288 [EditorId] 217321288 [Version] 1048832 [Id] LinuxEditor(16,192.168.1.48) [Debug] 1 [PackageName] LinuxEditor [ProjectName] Editor" 

Player connection [130039529739584]  * "[IP] 172.17.0.1 [Port] 0 [Flags] 2 [Guid] 217321288 [EditorId] 217321288 [Version] 1048832 [Id] LinuxEditor(16,192.168.1.48) [Debug] 1 [PackageName] LinuxEditor [ProjectName] Editor" 

Player connection [130039529739584] Host joined multi-casting on [225.0.0.222:54997]...
Player connection [130039529739584] Host joined alternative multi-casting on [225.0.0.222:34997]...
JobSystem: Creating JobQueue using job-worker-count value 5
[Physics::Module] Initialized fallback backend.
[Physics::Module] Id: 0xdecafbad
Library Redirect Path: Library/
[Physics::Module] Selected backend.
[Physics::Module] Name: PhysX
[Physics::Module] Id: 0xf2b8ea05
[Physics::Module] SDK Version: 4.1.2
[Physics::Module] Integration Version: 1.0.0
[Physics::Module] Threading Mode: Multi-Threaded
Refreshing native plugins compatible for Editor in 0.30 ms, found 0 plugins.
Preloading 0 native plugins for Editor in 0.00 ms.
Initialize engine version: 6000.0.33f1 (433b0a79340b)
[Subsystems] Discovering subsystems at path /home/anirudhmanoj/Unity/Hub/Editor/6000.0.33f1/Editor/Data/Resources/UnitySubsystems
[Subsystems] Discovering subsystems at path /home/anirudhmanoj/Documents/VLLang/VLLang/Assets
kGfxThreadingModeNonThreaded is not supported on OpenGL Core. Reverting to kGfxThreadingModeDirect instead.
GfxDevice: creating device client; kGfxThreadingModeDirect
GLX Extensions: GLX_ARB_get_proc_address GLX_ARB_multisample GLX_EXT_visual_info GLX_EXT_visual_rating GLX_EXT_import_context GLX_SGI_video_sync GLX_SGIX_fbconfig GLX_SGIX_pbuffer GLX_SGI_swap_control GLX_EXT_swap_control GLX_EXT_swap_control_tear GLX_EXT_buffer_age GLX_ARB_create_context GLX_ARB_create_context_profile GLX_NV_float_buffer GLX_ARB_fbconfig_float GLX_EXT_texture_from_pixmap GLX_EXT_framebuffer_sRGB GLX_NV_copy_image GLX_EXT_create_context_es_profile GLX_EXT_create_context_es2_profile GLX_ARB_create_context_no_error GLX_ARB_create_context_robustness GLX_NV_delay_before_swap GLX_EXT_stereo_tree GLX_ARB_context_flush_control GLX_NV_robustness_video_memory_purge GLX_NV_multigpu_context 
Renderer: NVIDIA GeForce RTX 3050 Laptop GPU/PCIe/SSE2
Vendor:   NVIDIA Corporation
Version:  4.5.0 NVIDIA 575.64.03
GLES:     0
 GL_AMD_multi_draw_indirect GL_AMD_seamless_cubemap_per_texture GL_AMD_vertex_shader_viewport_index GL_AMD_vertex_shader_layer GL_ARB_arrays_of_arrays GL_ARB_base_instance GL_ARB_bindless_texture GL_ARB_blend_func_extended GL_ARB_buffer_storage GL_ARB_clear_buffer_object GL_ARB_clear_texture GL_ARB_clip_control GL_ARB_color_buffer_float GL_ARB_compressed_texture_pixel_storage GL_ARB_conservative_depth GL_ARB_compute_shader GL_ARB_compute_variable_group_size GL_ARB_conditional_render_inverted GL_ARB_copy_buffer GL_ARB_copy_image GL_ARB_cull_distance GL_ARB_debug_output GL_ARB_depth_buffer_float GL_ARB_depth_clamp GL_ARB_depth_texture GL_ARB_derivative_control GL_ARB_direct_state_access GL_ARB_draw_buffers GL_ARB_draw_buffers_blend GL_ARB_draw_indirect GL_ARB_draw_elements_base_vertex GL_ARB_draw_instanced GL_ARB_enhanced_layouts GL_ARB_ES2_compatibility GL_ARB_ES3_compatibility GL_ARB_ES3_1_compatibility GL_ARB_ES3_2_compatibility GL_ARB_explicit_attrib_location GL_ARB_explicit_uniform_location GL_ARB_fragmen
t_coord_conventions GL_ARB_fragment_layer_viewport GL_ARB_fragment_program GL_ARB_fragment_program_shadow GL_ARB_fragment_shader GL_ARB_fragment_shader_interlock GL_ARB_framebuffer_no_attachments GL_ARB_framebuffer_object GL_ARB_framebuffer_sRGB GL_ARB_geometry_shader4 GL_ARB_get_program_binary GL_ARB_get_texture_sub_image GL_ARB_gl_spirv GL_ARB_gpu_shader5 GL_ARB_gpu_shader_fp64 GL_ARB_gpu_shader_int64 GL_ARB_half_float_pixel GL_ARB_half_float_vertex GL_ARB_imaging GL_ARB_indirect_parameters GL_ARB_instanced_arrays GL_ARB_internalformat_query GL_ARB_internalformat_query2 GL_ARB_invalidate_subdata GL_ARB_map_buffer_alignment GL_ARB_map_buffer_range GL_ARB_multi_bind GL_ARB_multi_draw_indirect GL_ARB_multisample GL_ARB_multitexture GL_ARB_occlusion_query GL_ARB_occlusion_query2 GL_ARB_parallel_shader_compile GL_ARB_pipeline_statistics_query GL_ARB_pixel_buffer_object GL_ARB_point_parameters GL_ARB_point_sprite GL_ARB_polygon_offset_clamp GL_ARB_post_depth_coverage GL_ARB_program_interface_query GL_ARB_provoki
ng_vertex GL_ARB_query_buffer_object GL_ARB_robust_buffer_access_behavior GL_ARB_robustness GL_ARB_sample_locations GL_ARB_sample_shading GL_ARB_sampler_objects GL_ARB_seamless_cube_map GL_ARB_seamless_cubemap_per_texture GL_ARB_separate_shader_objects GL_ARB_shader_atomic_counter_ops GL_ARB_shader_atomic_counters GL_ARB_shader_ballot GL_ARB_shader_bit_encoding GL_ARB_shader_clock GL_ARB_shader_draw_parameters GL_ARB_shader_group_vote GL_ARB_shader_image_load_store GL_ARB_shader_image_size GL_ARB_shader_objects GL_ARB_shader_precision GL_ARB_shader_storage_buffer_object GL_ARB_shader_subroutine GL_ARB_shader_texture_image_samples GL_ARB_shader_texture_lod GL_ARB_shading_language_100 GL_ARB_shader_viewport_layer_array GL_ARB_shading_language_420pack GL_ARB_shading_language_include GL_ARB_shading_language_packing GL_ARB_shadow GL_ARB_sparse_buffer GL_ARB_sparse_texture GL_ARB_sparse_texture2 GL_ARB_sparse_texture_clamp GL_ARB_spirv_extensions GL_ARB_stencil_texturing GL_ARB_sync GL_ARB_tessellation_shader GL_A
RB_texture_barrier GL_ARB_texture_border_clamp GL_ARB_texture_buffer_object GL_ARB_texture_buffer_object_rgb32 GL_ARB_texture_buffer_range GL_ARB_texture_compression GL_ARB_texture_compression_bptc GL_ARB_texture_compression_rgtc GL_ARB_texture_cube_map GL_ARB_texture_cube_map_array GL_ARB_texture_env_add GL_ARB_texture_env_combine GL_ARB_texture_env_crossbar GL_ARB_texture_env_dot3 GL_ARB_texture_filter_anisotropic GL_ARB_texture_filter_minmax GL_ARB_texture_float GL_ARB_texture_gather GL_ARB_texture_mirror_clamp_to_edge GL_ARB_texture_mirrored_repeat GL_ARB_texture_multisample GL_ARB_texture_non_power_of_two GL_ARB_texture_query_levels GL_ARB_texture_query_lod GL_ARB_texture_rectangle GL_ARB_texture_rg GL_ARB_texture_rgb10_a2ui GL_ARB_texture_stencil8 GL_ARB_texture_storage GL_ARB_texture_storage_multisample GL_ARB_texture_swizzle GL_ARB_texture_view GL_ARB_timer_query GL_ARB_transform_feedback2 GL_ARB_transform_feedback3 GL_ARB_transform_feedback_instanced GL_ARB_transform_feedback_overflow_query GL_ARB_t
ranspose_matrix GL_ARB_uniform_buffer_object GL_ARB_vertex_array_bgra GL_ARB_vertex_array_object GL_ARB_vertex_attrib_64bit GL_ARB_vertex_attrib_binding GL_ARB_vertex_buffer_object GL_ARB_vertex_program GL_ARB_vertex_shader GL_ARB_vertex_type_10f_11f_11f_rev GL_ARB_vertex_type_2_10_10_10_rev GL_ARB_viewport_array GL_ARB_window_pos GL_ATI_draw_buffers GL_ATI_texture_float GL_ATI_texture_mirror_once GL_S3_s3tc GL_EXT_texture_env_add GL_EXT_abgr GL_EXT_bgra GL_EXT_bindable_uniform GL_EXT_blend_color GL_EXT_blend_equation_separate GL_EXT_blend_func_separate GL_EXT_blend_minmax GL_EXT_blend_subtract GL_EXT_compiled_vertex_array GL_EXT_Cg_shader GL_EXT_depth_bounds_test GL_EXT_direct_state_access GL_EXT_draw_buffers2 GL_EXT_draw_instanced GL_EXT_draw_range_elements GL_EXT_fog_coord GL_EXT_framebuffer_blit GL_EXT_framebuffer_multisample GL_EXTX_framebuffer_mixed_formats GL_EXT_framebuffer_multisample_blit_scaled GL_EXT_framebuffer_object GL_EXT_framebuffer_sRGB GL_EXT_geometry_shader4 GL_EXT_gpu_program_parameters 
GL_EXT_gpu_shader4 GL_EXT_multi_draw_arrays GL_EXT_multiview_texture_multisample GL_EXT_multiview_timer_query GL_EXT_packed_depth_stencil GL_EXT_packed_float GL_EXT_packed_pixels GL_EXT_pixel_buffer_object GL_EXT_point_parameters GL_EXT_polygon_offset_clamp GL_EXT_post_depth_coverage GL_EXT_provoking_vertex GL_EXT_raster_multisample GL_EXT_rescale_normal GL_EXT_secondary_color GL_EXT_separate_shader_objects GL_EXT_separate_specular_color GL_EXT_shader_image_load_formatted GL_EXT_shader_image_load_store GL_EXT_shader_integer_mix GL_EXT_shadow_funcs GL_EXT_sparse_texture2 GL_EXT_stencil_two_side GL_EXT_stencil_wrap GL_EXT_texture3D GL_EXT_texture_array GL_EXT_texture_buffer_object GL_EXT_texture_compression_dxt1 GL_EXT_texture_compression_latc GL_EXT_texture_compression_rgtc GL_EXT_texture_compression_s3tc GL_EXT_texture_cube_map GL_EXT_texture_edge_clamp GL_EXT_texture_env_combine GL_EXT_texture_env_dot3 GL_EXT_texture_filter_anisotropic GL_EXT_texture_filter_minmax GL_EXT_texture_integer GL_EXT_texture_lod G
L_EXT_texture_lod_bias GL_EXT_texture_mirror_clamp GL_EXT_texture_object GL_EXT_texture_shadow_lod GL_EXT_texture_shared_exponent GL_EXT_texture_sRGB GL_EXT_texture_sRGB_R8 GL_EXT_texture_sRGB_decode GL_EXT_texture_storage GL_EXT_texture_swizzle GL_EXT_timer_query GL_EXT_transform_feedback2 GL_EXT_vertex_array GL_EXT_vertex_array_bgra GL_EXT_vertex_attrib_64bit GL_EXT_window_rectangles GL_EXT_x11_sync_object GL_EXT_import_sync_object GL_NV_robustness_video_memory_purge GL_IBM_rasterpos_clip GL_IBM_texture_mirrored_repeat GL_KHR_context_flush_control GL_KHR_debug GL_EXT_memory_object GL_EXT_memory_object_fd GL_NV_memory_object_sparse GL_KHR_parallel_shader_compile GL_KHR_no_error GL_KHR_robust_buffer_access_behavior GL_KHR_robustness GL_EXT_semaphore GL_EXT_semaphore_fd GL_NV_timeline_semaphore GL_KHR_shader_subgroup GL_KTX_buffer_region GL_NV_alpha_to_coverage_dither_control GL_NV_bindless_multi_draw_indirect GL_NV_bindless_multi_draw_indirect_count GL_NV_bindless_texture GL_NV_blend_equation_advanced GL_NV_
blend_equation_advanced_coherent GL_NVX_blend_equation_advanced_multi_draw_buffers GL_NV_blend_minmax_factor GL_NV_blend_square GL_NV_clip_space_w_scaling GL_NV_command_list GL_NV_compute_program5 GL_NV_compute_shader_derivatives GL_NV_conditional_render GL_NV_conservative_raster GL_NV_conservative_raster_dilate GL_NV_conservative_raster_pre_snap GL_NV_conservative_raster_pre_snap_triangles GL_NV_conservative_raster_underestimation GL_NV_copy_depth_to_color GL_NV_copy_image GL_NV_depth_buffer_float GL_NV_depth_clamp GL_NV_draw_texture GL_NV_draw_vulkan_image GL_NV_ES1_1_compatibility GL_NV_ES3_1_compatibility GL_NV_explicit_multisample GL_NV_feature_query GL_NV_fence GL_NV_fill_rectangle GL_NV_float_buffer GL_NV_fog_distance GL_NV_fragment_coverage_to_color GL_NV_fragment_program GL_NV_fragment_program_option GL_NV_fragment_program2 GL_NV_fragment_shader_barycentric GL_NV_fragment_shader_interlock GL_NV_framebuffer_mixed_samples GL_NV_framebuffer_multisample_coverage GL_NV_geometry_shader4 GL_NV_geometry_sha
der_passthrough GL_NV_gpu_program4 GL_NV_internalformat_sample_query GL_NV_gpu_program4_1 GL_NV_gpu_program5 GL_NV_gpu_program5_mem_extended GL_NV_gpu_program_fp64 GL_NV_gpu_program_multiview GL_NV_gpu_shader5 GL_NV_half_float GL_NV_light_max_exponent GL_NV_memory_attachment GL_NV_mesh_shader GL_NV_multisample_coverage GL_NV_multisample_filter_hint GL_NV_occlusion_query GL_NV_packed_depth_stencil GL_NV_parameter_buffer_object GL_NV_parameter_buffer_object2 GL_NV_path_rendering GL_NV_path_rendering_shared_edge GL_NV_pixel_data_range GL_NV_point_sprite GL_NV_primitive_restart GL_NV_primitive_shading_rate GL_NV_query_resource GL_NV_query_resource_tag GL_NV_register_combiners GL_NV_register_combiners2 GL_NV_representative_fragment_test GL_NV_sample_locations GL_NV_sample_mask_override_coverage GL_NV_scissor_exclusive GL_NV_shader_atomic_counters GL_NV_shader_atomic_float GL_NV_shader_atomic_float64 GL_NV_shader_atomic_fp16_vector GL_NV_shader_atomic_int64 GL_NV_shader_buffer_load GL_NV_shader_storage_buffer_obje
ct GL_NV_shader_subgroup_partitioned GL_NV_shader_texture_footprint GL_NV_shading_rate_image GL_NV_stereo_view_rendering GL_NV_texgen_reflection GL_NV_texture_barrier GL_NV_texture_compression_vtc GL_NV_texture_dirty_tile_map GL_NV_texture_env_combine4 GL_NV_texture_multisample GL_NV_texture_rectangle GL_NV_texture_rectangle_compressed GL_NV_texture_shader GL_NV_texture_shader2 GL_NV_texture_shader3 GL_NV_transform_feedback GL_NV_transform_feedback2 GL_NV_uniform_buffer_unified_memory GL_NV_uniform_buffer_std430_layout GL_NV_vdpau_interop GL_NV_vdpau_interop2 GL_NV_vertex_array_range GL_NV_vertex_array_range2 GL_NV_vertex_attrib_integer_64bit GL_NV_vertex_buffer_unified_memory GL_NV_vertex_program GL_NV_vertex_program1_1 GL_NV_vertex_program2 GL_NV_vertex_program2_option GL_NV_vertex_program3 GL_NV_viewport_array2 GL_NV_viewport_swizzle GL_NVX_conditional_render GL_NV_gpu_multicast GL_NVX_progress_fence GL_NVX_gpu_memory_info GL_NVX_nvenc_interop GL_NV_shader_thread_group GL_NV_shader_thread_shuffle GL_KHR_b
lend_equation_advanced GL_KHR_blend_equation_advanced_coherent GL_OVR_multiview GL_OVR_multiview2 GL_SGIS_generate_mipmap GL_SGIS_texture_lod GL_SGIX_depth_texture GL_SGIX_shadow GL_SUN_slice_accum
OPENGL LOG: Creating OpenGL 4.5 graphics device ; Context level  <OpenGL 4.5> ; Context handle -236167688
Initialize mono
Mono path[0] = '/home/anirudhmanoj/Unity/Hub/Editor/6000.0.33f1/Editor/Data/Managed'
Mono path[1] = '/home/anirudhmanoj/Unity/Hub/Editor/6000.0.33f1/Editor/Data/MonoBleedingEdge/lib/mono/unityjit-linux'
Mono config path = '/home/anirudhmanoj/Unity/Hub/Editor/6000.0.33f1/Editor/Data/MonoBleedingEdge/etc'
Using monoOptions --debugger-agent=transport=dt_socket,embedding=1,server=y,suspend=n,address=127.0.0.1:56419
Begin MonoManager ReloadAssembly
Registering precompiled unity dll's ...
Register platform support module: /home/anirudhmanoj/Unity/Hub/Editor/6000.0.33f1/Editor/Data/PlaybackEngines/WebGLSupport/UnityEditor.WebGL.Extensions.dll
Register platform support module: /home/anirudhmanoj/Unity/Hub/Editor/6000.0.33f1/Editor/Data/PlaybackEngines/LinuxStandaloneSupport/UnityEditor.LinuxStandalone.Extensions.dll
Registered in 0.001124 seconds.
- Loaded All Assemblies, in  0.288 seconds
Native extension for LinuxStandalone target not found
Native extension for WebGL target not found
Mono: successfully reloaded assembly
- Finished resetting the current domain, in  0.287 seconds
Domain Reload Profiling: 575ms
	BeginReloadAssembly (91ms)
		ExecutionOrderSort (0ms)
		DisableScriptedObjects (0ms)
		BackupInstance (0ms)
		ReleaseScriptingObjects (0ms)
		CreateAndSetChildDomain (1ms)
	RebuildCommonClasses (28ms)
	RebuildNativeTypeToScriptingClass (6ms)
	initialDomainReloadingComplete (40ms)
	LoadAllAssembliesAndSetupDomain (123ms)
		LoadAssemblies (92ms)
		RebuildTransferFunctionScriptingTraits (0ms)
		AnalyzeDomain (119ms)
			TypeCache.Refresh (118ms)
				TypeCache.ScanAssembly (108ms)
			BuildScriptInfoCaches (0ms)
			ResolveRequiredComponents (0ms)
	FinalizeReload (288ms)
		ReleaseScriptCaches (0ms)
		RebuildScriptCaches (0ms)
		SetupLoadedEditorAssemblies (252ms)
			LogAssemblyErrors (0ms)
			InitializePlatformSupportModulesInManaged (19ms)
			SetLoadedEditorAssemblies (5ms)
			BeforeProcessingInitializeOnLoad (47ms)
			ProcessInitializeOnLoadAttributes (133ms)
			ProcessInitializeOnLoadMethodAttributes (47ms)
			AfterProcessingInitializeOnLoad (0ms)
			EditorAssembliesLoaded (0ms)
		ExecutionOrderSort2 (0ms)
		AwakeInstancesAfterBackupRestoration (0ms)
========================================================================
Worker process is ready to serve import requests
Import Worker Mode flag is 0x00
Begin MonoManager ReloadAssembly
- Loaded All Assemblies, in  0.521 seconds
Refreshing native plugins compatible for Editor in 0.23 ms, found 0 plugins.
Native extension for LinuxStandalone target not found
Native extension for WebGL target not found
Mono: successfully reloaded assembly
- Finished resetting the current domain, in  0.551 seconds
Domain Reload Profiling: 1071ms
	BeginReloadAssembly (98ms)
		ExecutionOrderSort (0ms)
		DisableScriptedObjects (4ms)
		BackupInstance (0ms)
		ReleaseScriptingObjects (0ms)
		CreateAndSetChildDomain (28ms)
	RebuildCommonClasses (28ms)
	RebuildNativeTypeToScriptingClass (6ms)
	initialDomainReloadingComplete (31ms)
	LoadAllAssembliesAndSetupDomain (357ms)
		LoadAssemblies (212ms)
		RebuildTransferFunctionScriptingTraits (0ms)
		AnalyzeDomain (186ms)
			TypeCache.Refresh (135ms)
				TypeCache.ScanAssembly (123ms)
			BuildScriptInfoCaches (42ms)
			ResolveRequiredComponents (8ms)
	FinalizeReload (552ms)
		ReleaseScriptCaches (0ms)
		RebuildScriptCaches (0ms)
		SetupLoadedEditorAssemblies (423ms)
			LogAssemblyErrors (0ms)
			InitializePlatformSupportModulesInManaged (3ms)
			SetLoadedEditorAssemblies (4ms)
			BeforeProcessingInitializeOnLoad (77ms)
			ProcessInitializeOnLoadAttributes (278ms)
			ProcessInitializeOnLoadMethodAttributes (59ms)
			AfterProcessingInitializeOnLoad (2ms)
			EditorAssembliesLoaded (0ms)
		ExecutionOrderSort2 (0ms)
		AwakeInstancesAfterBackupRestoration (3ms)
AutoLocale: current locale expects 'C' but got 'en_US.UTF-8'Launched and connected shader compiler UnityShaderCompiler after 0.01 seconds
Refreshing native plugins compatible for Editor in 0.25 ms, found 0 plugins.
Preloading 0 native plugins for Editor in 0.00 ms.
Unloading 198 Unused Serialized files (Serialized files now loaded: 0)
Unloading 5958 unused Assets / (6.7 MB). Loaded Objects now: 6617.
Memory consumption went from 147.2 MB to 140.5 MB.
Total: 9.381356 ms (FindLiveObjects: 0.516927 ms CreateObjectMapping: 0.495881 ms MarkObjects: 4.463219 ms  DeleteObjects: 3.904082 ms)

========================================================================
Received Import Request.
  Time since last request: 3717.615086 seconds.
  path: Assets/UI/uxml/Register.uxml
  artifactKey: Guid(86d8fcd3a47bedf409289e10813453db) Importer(815301076,1909f56bfc062723c751e8b465ee728b)
Start importing Assets/UI/uxml/Register.uxml using Guid(86d8fcd3a47bedf409289e10813453db) Importer(815301076,1909f56bfc062723c751e8b465ee728b) (PreviewImporter) -> (artifact id: 'ce36af1d016e93a2f31085ed5259bf61') in 0.05420683 seconds
Number of updated asset objects reloaded before import = 0Number of asset objects unloaded after import = 3

========================================================================
Received Import Request.
  Time since last request: 100.826525 seconds.
  path: Assets/UI/uxml/Register.uxml
  artifactKey: Guid(86d8fcd3a47bedf409289e10813453db) Importer(815301076,1909f56bfc062723c751e8b465ee728b)
Start importing Assets/UI/uxml/Register.uxml using Guid(86d8fcd3a47bedf409289e10813453db) Importer(815301076,1909f56bfc062723c751e8b465ee728b) (PreviewImporter) -> (artifact id: '14771c40bebd8366b22816b00dfd6872') in 0.002200164 seconds
Number of updated asset objects reloaded before import = 0Number of asset objects unloaded after import = 3

========================================================================
Received Import Request.
  Time since last request: 50.645293 seconds.
  path: Assets/UI/uxml/Register.uxml
  artifactKey: Guid(86d8fcd3a47bedf409289e10813453db) Importer(815301076,1909f56bfc062723c751e8b465ee728b)
Start importing Assets/UI/uxml/Register.uxml using Guid(86d8fcd3a47bedf409289e10813453db) Importer(815301076,1909f56bfc062723c751e8b465ee728b) (PreviewImporter) -> (artifact id: 'e849db126d4c3f3048a93c7653758bab') in 0.001172931 seconds
Number of updated asset objects reloaded before import = 0Number of asset objects unloaded after import = 3

========================================================================
Received Import Request.
  Time since last request: 25.054401 seconds.
  path: Assets/UI/uxml/Register.uxml
  artifactKey: Guid(86d8fcd3a47bedf409289e10813453db) Importer(815301076,1909f56bfc062723c751e8b465ee728b)
Start importing Assets/UI/uxml/Register.uxml using Guid(86d8fcd3a47bedf409289e10813453db) Importer(815301076,1909f56bfc062723c751e8b465ee728b) (PreviewImporter) -> (artifact id: 'f37277a8a8671a5859cca9bff34fe68a') in 0.001140785 seconds
Number of updated asset objects reloaded before import = 0Number of asset objects unloaded after import = 3

========================================================================
Received Import Request.
  Time since last request: 16.136772 seconds.
  path: Assets/UI/uxml
  artifactKey: Guid(31bf5d2d95c4b46748b53cadc3d024d0) Importer(815301076,1909f56bfc062723c751e8b465ee728b)
Start importing Assets/UI/uxml using Guid(31bf5d2d95c4b46748b53cadc3d024d0) Importer(815301076,1909f56bfc062723c751e8b465ee728b) (PreviewImporter) -> (artifact id: 'f435af6012cdc9880e420de171e6de23') in 0.000341476 seconds
Number of updated asset objects reloaded before import = 0Number of asset objects unloaded after import = 0

========================================================================
Received Import Request.
  Time since last request: 0.529111 seconds.
  path: Assets/UI/uxml/Landing.uxml
  artifactKey: Guid(fedc56e23a5d4accc87fab75f27d411c) Importer(815301076,1909f56bfc062723c751e8b465ee728b)
Start importing Assets/UI/uxml/Landing.uxml using Guid(fedc56e23a5d4accc87fab75f27d411c) Importer(815301076,1909f56bfc062723c751e8b465ee728b) (PreviewImporter) -> (artifact id: 'b38e8065e8ff3d4c8a73dd63b42ce823') in 0.001708001 seconds
Number of updated asset objects reloaded before import = 0Number of asset objects unloaded after import = 3

========================================================================
Received Import Request.
  Time since last request: 58.130629 seconds.
  path: Assets/UI/uxml/Register.uxml
  artifactKey: Guid(86d8fcd3a47bedf409289e10813453db) Importer(815301076,1909f56bfc062723c751e8b465ee728b)
Start importing Assets/UI/uxml/Register.uxml using Guid(86d8fcd3a47bedf409289e10813453db) Importer(815301076,1909f56bfc062723c751e8b465ee728b) (PreviewImporter) -> (artifact id: '83f95af43c639b949babe825c26ad0b7') in 0.001187402 seconds
Number of updated asset objects reloaded before import = 0Number of asset objects unloaded after import = 3

========================================================================
Received Import Request.
  Time since last request: 69.726176 seconds.
  path: Assets/UI/uxml/Register.uxml
  artifactKey: Guid(86d8fcd3a47bedf409289e10813453db) Importer(815301076,1909f56bfc062723c751e8b465ee728b)
Start importing Assets/UI/uxml/Register.uxml using Guid(86d8fcd3a47bedf409289e10813453db) Importer(815301076,1909f56bfc062723c751e8b465ee728b) (PreviewImporter) -> (artifact id: '0bb356b53defc44bfa6520dc8b989441') in 0.001644707 seconds
Number of updated asset objects reloaded before import = 0Number of asset objects unloaded after import = 3

========================================================================
Received Import Request.
  Time since last request: 93.936961 seconds.
  path: Assets/UI/uxml/Register.uxml
  artifactKey: Guid(86d8fcd3a47bedf409289e10813453db) Importer(815301076,1909f56bfc062723c751e8b465ee728b)
Start importing Assets/UI/uxml/Register.uxml using Guid(86d8fcd3a47bedf409289e10813453db) Importer(815301076,1909f56bfc062723c751e8b465ee728b) (PreviewImporter) -> (artifact id: '99242bf97a1a548375e52d54e2fae087') in 0.001276968 seconds
Number of updated asset objects reloaded before import = 0Number of asset objects unloaded after import = 3

========================================================================
Received Import Request.
  Time since last request: 45.475749 seconds.
  path: Assets/UI/uxml/Register.uxml
  artifactKey: Guid(86d8fcd3a47bedf409289e10813453db) Importer(815301076,1909f56bfc062723c751e8b465ee728b)
Start importing Assets/UI/uxml/Register.uxml using Guid(86d8fcd3a47bedf409289e10813453db) Importer(815301076,1909f56bfc062723c751e8b465ee728b) (PreviewImporter) -> (artifact id: 'bcb4e163021dc68019fa919476a41924') in 0.001142015 seconds
Number of updated asset objects reloaded before import = 0Number of asset objects unloaded after import = 3

========================================================================
Received Import Request.
  Time since last request: 80.284314 seconds.
  path: Assets/UI/uxml/Register.uxml
  artifactKey: Guid(86d8fcd3a47bedf409289e10813453db) Importer(815301076,1909f56bfc062723c751e8b465ee728b)
Start importing Assets/UI/uxml/Register.uxml using Guid(86d8fcd3a47bedf409289e10813453db) Importer(815301076,1909f56bfc062723c751e8b465ee728b) (PreviewImporter) -> (artifact id: 'a1e26a87a1547e2616e75bfbf8929ec1') in 0.001627319 seconds
Number of updated asset objects reloaded before import = 0Number of asset objects unloaded after import = 3

========================================================================
Received Import Request.
  Time since last request: 43.431247 seconds.
  path: Assets/UI/uxml/Register.uxml
  artifactKey: Guid(86d8fcd3a47bedf409289e10813453db) Importer(815301076,1909f56bfc062723c751e8b465ee728b)
Start importing Assets/UI/uxml/Register.uxml using Guid(86d8fcd3a47bedf409289e10813453db) Importer(815301076,1909f56bfc062723c751e8b465ee728b) (PreviewImporter) -> (artifact id: 'b7931dfbf85df6be8b78354622d50041') in 0.001207782 seconds
Number of updated asset objects reloaded before import = 0Number of asset objects unloaded after import = 3

========================================================================
Received Import Request.
  Time since last request: 29.715174 seconds.
  path: Assets/UI/uxml/Register.uxml
  artifactKey: Guid(86d8fcd3a47bedf409289e10813453db) Importer(815301076,1909f56bfc062723c751e8b465ee728b)
Start importing Assets/UI/uxml/Register.uxml using Guid(86d8fcd3a47bedf409289e10813453db) Importer(815301076,1909f56bfc062723c751e8b465ee728b) (PreviewImporter) -> (artifact id: 'f2fa6248ffc3e629cbf0589a25392c67') in 0.001200593 seconds
Number of updated asset objects reloaded before import = 0Number of asset objects unloaded after import = 3

========================================================================
Received Import Request.
  Time since last request: 58.452397 seconds.
  path: Assets/UI/uxml/Register.uxml
  artifactKey: Guid(86d8fcd3a47bedf409289e10813453db) Importer(815301076,1909f56bfc062723c751e8b465ee728b)
Start importing Assets/UI/uxml/Register.uxml using Guid(86d8fcd3a47bedf409289e10813453db) Importer(815301076,1909f56bfc062723c751e8b465ee728b) (PreviewImporter) -> (artifact id: '6c35079932f78f0e4605967b3b3a0cee') in 0.001167743 seconds
Number of updated asset objects reloaded before import = 0Number of asset objects unloaded after import = 3

========================================================================
Received Import Request.
  Time since last request: 43.134671 seconds.
  path: Assets/UI/uxml/Register.uxml
  artifactKey: Guid(86d8fcd3a47bedf409289e10813453db) Importer(815301076,1909f56bfc062723c751e8b465ee728b)
Start importing Assets/UI/uxml/Register.uxml using Guid(86d8fcd3a47bedf409289e10813453db) Importer(815301076,1909f56bfc062723c751e8b465ee728b) (PreviewImporter) -> (artifact id: '650117ccc0f9a25da8ed189534c0cf96') in 0.001157116 seconds
Number of updated asset objects reloaded before import = 0Number of asset objects unloaded after import = 3

========================================================================
Received Import Request.
  Time since last request: 21.213842 seconds.
  path: Assets/UI/uxml/Register.uxml
  artifactKey: Guid(86d8fcd3a47bedf409289e10813453db) Importer(815301076,1909f56bfc062723c751e8b465ee728b)
Start importing Assets/UI/uxml/Register.uxml using Guid(86d8fcd3a47bedf409289e10813453db) Importer(815301076,1909f56bfc062723c751e8b465ee728b) (PreviewImporter) -> (artifact id: '002abfc1fbe1a2620e98449b2d299c16') in 0.001260682 seconds
Number of updated asset objects reloaded before import = 0Number of asset objects unloaded after import = 3

========================================================================
Received Import Request.
  Time since last request: 43.919606 seconds.
  path: Assets/UI/uxml/Register.uxml
  artifactKey: Guid(86d8fcd3a47bedf409289e10813453db) Importer(815301076,1909f56bfc062723c751e8b465ee728b)
Start importing Assets/UI/uxml/Register.uxml using Guid(86d8fcd3a47bedf409289e10813453db) Importer(815301076,1909f56bfc062723c751e8b465ee728b) (PreviewImporter) -> (artifact id: 'aa3c64ba46d4c74fae183fa8a3e5091f') in 0.001153778 seconds
Number of updated asset objects reloaded before import = 0Number of asset objects unloaded after import = 3

========================================================================
Received Import Request.
  Time since last request: 13.654110 seconds.
  path: Assets/UI/uxml/Register.uxml
  artifactKey: Guid(86d8fcd3a47bedf409289e10813453db) Importer(815301076,1909f56bfc062723c751e8b465ee728b)
Start importing Assets/UI/uxml/Register.uxml using Guid(86d8fcd3a47bedf409289e10813453db) Importer(815301076,1909f56bfc062723c751e8b465ee728b) (PreviewImporter) -> (artifact id: 'b98b80945fbc14ca2647e058e94fcf04') in 0.001222054 seconds
Number of updated asset objects reloaded before import = 0Number of asset objects unloaded after import = 3

========================================================================
Received Import Request.
  Time since last request: 66.785863 seconds.
  path: Assets/UI/uxml/Register.uxml
  artifactKey: Guid(86d8fcd3a47bedf409289e10813453db) Importer(815301076,1909f56bfc062723c751e8b465ee728b)
Start importing Assets/UI/uxml/Register.uxml using Guid(86d8fcd3a47bedf409289e10813453db) Importer(815301076,1909f56bfc062723c751e8b465ee728b) (PreviewImporter) -> (artifact id: 'fe458d370d5493ab92305e1e3d9b3d29') in 0.001539986 seconds
Number of updated asset objects reloaded before import = 0Number of asset objects unloaded after import = 3

========================================================================
Received Import Request.
  Time since last request: 55.330430 seconds.
  path: Assets/UI/uxml/Register.uxml
  artifactKey: Guid(86d8fcd3a47bedf409289e10813453db) Importer(815301076,1909f56bfc062723c751e8b465ee728b)
Start importing Assets/UI/uxml/Register.uxml using Guid(86d8fcd3a47bedf409289e10813453db) Importer(815301076,1909f56bfc062723c751e8b465ee728b) (PreviewImporter) -> (artifact id: '15669bef055a39c8912cd8a1fe139de0') in 0.001310138 seconds
Number of updated asset objects reloaded before import = 0Number of asset objects unloaded after import = 3

========================================================================
Received Import Request.
  Time since last request: 13.700633 seconds.
  path: Assets/UI/uxml/Register.uxml
  artifactKey: Guid(86d8fcd3a47bedf409289e10813453db) Importer(815301076,1909f56bfc062723c751e8b465ee728b)
Start importing Assets/UI/uxml/Register.uxml using Guid(86d8fcd3a47bedf409289e10813453db) Importer(815301076,1909f56bfc062723c751e8b465ee728b) (PreviewImporter) -> (artifact id: '03fc7816dda1c5307a2403449ef7a86e') in 0.001677079 seconds
Number of updated asset objects reloaded before import = 0Number of asset objects unloaded after import = 3

========================================================================
Received Import Request.
  Time since last request: 74.224600 seconds.
  path: Assets/UI/uxml/Register.uxml
  artifactKey: Guid(86d8fcd3a47bedf409289e10813453db) Importer(815301076,1909f56bfc062723c751e8b465ee728b)
Start importing Assets/UI/uxml/Register.uxml using Guid(86d8fcd3a47bedf409289e10813453db) Importer(815301076,1909f56bfc062723c751e8b465ee728b) (PreviewImporter) -> (artifact id: '2ab23ddb185ca112f8e3dbbc267dd064') in 0.001203288 seconds
Number of updated asset objects reloaded before import = 0Number of asset objects unloaded after import = 3

========================================================================
Received Import Request.
  Time since last request: 33.545249 seconds.
  path: Assets/UI/uxml/Register.uxml
  artifactKey: Guid(86d8fcd3a47bedf409289e10813453db) Importer(815301076,1909f56bfc062723c751e8b465ee728b)
Start importing Assets/UI/uxml/Register.uxml using Guid(86d8fcd3a47bedf409289e10813453db) Importer(815301076,1909f56bfc062723c751e8b465ee728b) (PreviewImporter) -> (artifact id: '68fea3d86507cac2a1b926be71fcfa00') in 0.001645512 seconds
Number of updated asset objects reloaded before import = 0Number of asset objects unloaded after import = 3

========================================================================
Received Import Request.
  Time since last request: 6.214440 seconds.
  path: Assets/UI/uxml/Register.uxml
  artifactKey: Guid(86d8fcd3a47bedf409289e10813453db) Importer(815301076,1909f56bfc062723c751e8b465ee728b)
Start importing Assets/UI/uxml/Register.uxml using Guid(86d8fcd3a47bedf409289e10813453db) Importer(815301076,1909f56bfc062723c751e8b465ee728b) (PreviewImporter) -> (artifact id: '5829ad698715bfb71cae79154313187f') in 0.001182876 seconds
Number of updated asset objects reloaded before import = 0Number of asset objects unloaded after import = 3

========================================================================
Received Import Request.
  Time since last request: 4.826096 seconds.
  path: Assets/UI/uxml/Register.uxml
  artifactKey: Guid(86d8fcd3a47bedf409289e10813453db) Importer(815301076,1909f56bfc062723c751e8b465ee728b)
Start importing Assets/UI/uxml/Register.uxml using Guid(86d8fcd3a47bedf409289e10813453db) Importer(815301076,1909f56bfc062723c751e8b465ee728b) (PreviewImporter) -> (artifact id: '7eb396a2135d7cb8810a5925345b7e6d') in 0.001192119 seconds
Number of updated asset objects reloaded before import = 0Number of asset objects unloaded after import = 3

========================================================================
Received Import Request.
  Time since last request: 85.813417 seconds.
  path: Assets/UI/uxml/Register.uxml
  artifactKey: Guid(86d8fcd3a47bedf409289e10813453db) Importer(815301076,1909f56bfc062723c751e8b465ee728b)
Start importing Assets/UI/uxml/Register.uxml using Guid(86d8fcd3a47bedf409289e10813453db) Importer(815301076,1909f56bfc062723c751e8b465ee728b) (PreviewImporter) -> (artifact id: '7bd1581e88cb26c0917eee788b490008') in 0.002261562 seconds
Number of updated asset objects reloaded before import = 0Number of asset objects unloaded after import = 3

========================================================================
Received Import Request.
  Time since last request: 25.104902 seconds.
  path: Assets/UI/uxml/Register.uxml
  artifactKey: Guid(86d8fcd3a47bedf409289e10813453db) Importer(815301076,1909f56bfc062723c751e8b465ee728b)
Start importing Assets/UI/uxml/Register.uxml using Guid(86d8fcd3a47bedf409289e10813453db) Importer(815301076,1909f56bfc062723c751e8b465ee728b) (PreviewImporter) -> (artifact id: 'cfbdf1aab782e96e4ec5b8150c31e4f1') in 0.00118599 seconds
Number of updated asset objects reloaded before import = 0Number of asset objects unloaded after import = 3

========================================================================
Received Import Request.
  Time since last request: 13.207314 seconds.
  path: Assets/UI/uxml/Register.uxml
  artifactKey: Guid(86d8fcd3a47bedf409289e10813453db) Importer(815301076,1909f56bfc062723c751e8b465ee728b)
Start importing Assets/UI/uxml/Register.uxml using Guid(86d8fcd3a47bedf409289e10813453db) Importer(815301076,1909f56bfc062723c751e8b465ee728b) (PreviewImporter) -> (artifact id: '61d036996d016ad1cf079c4af7c028bb') in 0.001215962 seconds
Number of updated asset objects reloaded before import = 0Number of asset objects unloaded after import = 3

========================================================================
Received Import Request.
  Time since last request: 41.751252 seconds.
  path: Assets/UI/uxml/Register.uxml
  artifactKey: Guid(86d8fcd3a47bedf409289e10813453db) Importer(815301076,1909f56bfc062723c751e8b465ee728b)
Start importing Assets/UI/uxml/Register.uxml using Guid(86d8fcd3a47bedf409289e10813453db) Importer(815301076,1909f56bfc062723c751e8b465ee728b) (PreviewImporter) -> (artifact id: 'dd3385a1780cec58241f33c48b41bded') in 0.001261506 seconds
Number of updated asset objects reloaded before import = 0Number of asset objects unloaded after import = 3

========================================================================
Received Import Request.
  Time since last request: 11.859684 seconds.
  path: Assets/UI/uxml/Register.uxml
  artifactKey: Guid(86d8fcd3a47bedf409289e10813453db) Importer(815301076,1909f56bfc062723c751e8b465ee728b)
Start importing Assets/UI/uxml/Register.uxml using Guid(86d8fcd3a47bedf409289e10813453db) Importer(815301076,1909f56bfc062723c751e8b465ee728b) (PreviewImporter) -> (artifact id: '39ebb236898b4d031397855f3934d5c6') in 0.00124893 seconds
Number of updated asset objects reloaded before import = 0Number of asset objects unloaded after import = 3

========================================================================
Received Import Request.
  Time since last request: 5.317729 seconds.
  path: Assets/UI/uxml/Register.uxml
  artifactKey: Guid(86d8fcd3a47bedf409289e10813453db) Importer(815301076,1909f56bfc062723c751e8b465ee728b)
Start importing Assets/UI/uxml/Register.uxml using Guid(86d8fcd3a47bedf409289e10813453db) Importer(815301076,1909f56bfc062723c751e8b465ee728b) (PreviewImporter) -> (artifact id: 'dd9264f897d580ed622820bca4a49291') in 0.00124714 seconds
Number of updated asset objects reloaded before import = 0Number of asset objects unloaded after import = 3

========================================================================
Received Import Request.
  Time since last request: 15.800307 seconds.
  path: Assets/UI/uxml/Register.uxml
  artifactKey: Guid(86d8fcd3a47bedf409289e10813453db) Importer(815301076,1909f56bfc062723c751e8b465ee728b)
Start importing Assets/UI/uxml/Register.uxml using Guid(86d8fcd3a47bedf409289e10813453db) Importer(815301076,1909f56bfc062723c751e8b465ee728b) (PreviewImporter) -> (artifact id: '34b414bb0b53cf0a598b88a7e3e7974f') in 0.001273526 seconds
Number of updated asset objects reloaded before import = 0Number of asset objects unloaded after import = 3

========================================================================
Received Import Request.
  Time since last request: 7.176080 seconds.
  path: Assets/UI/uxml/Register.uxml
  artifactKey: Guid(86d8fcd3a47bedf409289e10813453db) Importer(815301076,1909f56bfc062723c751e8b465ee728b)
Start importing Assets/UI/uxml/Register.uxml using Guid(86d8fcd3a47bedf409289e10813453db) Importer(815301076,1909f56bfc062723c751e8b465ee728b) (PreviewImporter) -> (artifact id: '269c748c14402b1670626b185c2a935f') in 0.001351963 seconds
Number of updated asset objects reloaded before import = 0Number of asset objects unloaded after import = 3

========================================================================
Received Import Request.
  Time since last request: 6.339926 seconds.
  path: Assets/UI/uxml/Register.uxml
  artifactKey: Guid(86d8fcd3a47bedf409289e10813453db) Importer(815301076,1909f56bfc062723c751e8b465ee728b)
Start importing Assets/UI/uxml/Register.uxml using Guid(86d8fcd3a47bedf409289e10813453db) Importer(815301076,1909f56bfc062723c751e8b465ee728b) (PreviewImporter) -> (artifact id: '37c9ac55b10e9b40d870195a9e1c4cea') in 0.001211071 seconds
Number of updated asset objects reloaded before import = 0Number of asset objects unloaded after import = 3

========================================================================
Received Import Request.
  Time since last request: 40.636326 seconds.
  path: Assets/UI/uxml/Register.uxml
  artifactKey: Guid(86d8fcd3a47bedf409289e10813453db) Importer(815301076,1909f56bfc062723c751e8b465ee728b)
Start importing Assets/UI/uxml/Register.uxml using Guid(86d8fcd3a47bedf409289e10813453db) Importer(815301076,1909f56bfc062723c751e8b465ee728b) (PreviewImporter) -> (artifact id: '138f843d18f5aeed2b72e10c417fb977') in 0.001211053 seconds
Number of updated asset objects reloaded before import = 0Number of asset objects unloaded after import = 3

========================================================================
Received Import Request.
  Time since last request: 10.192125 seconds.
  path: Assets/UI/uxml/Register.uxml
  artifactKey: Guid(86d8fcd3a47bedf409289e10813453db) Importer(815301076,1909f56bfc062723c751e8b465ee728b)
Start importing Assets/UI/uxml/Register.uxml using Guid(86d8fcd3a47bedf409289e10813453db) Importer(815301076,1909f56bfc062723c751e8b465ee728b) (PreviewImporter) -> (artifact id: 'dc4d7bf98c81e03efd6852d6ea715e7b') in 0.001238149 seconds
Number of updated asset objects reloaded before import = 0Number of asset objects unloaded after import = 3

========================================================================
Received Import Request.
  Time since last request: 9.745907 seconds.
  path: Assets/UI/uxml/Register.uxml
  artifactKey: Guid(86d8fcd3a47bedf409289e10813453db) Importer(815301076,1909f56bfc062723c751e8b465ee728b)
Start importing Assets/UI/uxml/Register.uxml using Guid(86d8fcd3a47bedf409289e10813453db) Importer(815301076,1909f56bfc062723c751e8b465ee728b) (PreviewImporter) -> (artifact id: 'fb8d5c90b6e3fac4767051ef66f9ba92') in 0.001274622 seconds
Number of updated asset objects reloaded before import = 0Number of asset objects unloaded after import = 3

========================================================================
Received Import Request.
  Time since last request: 8.119648 seconds.
  path: Assets/UI/uxml/Register.uxml
  artifactKey: Guid(86d8fcd3a47bedf409289e10813453db) Importer(815301076,1909f56bfc062723c751e8b465ee728b)
Start importing Assets/UI/uxml/Register.uxml using Guid(86d8fcd3a47bedf409289e10813453db) Importer(815301076,1909f56bfc062723c751e8b465ee728b) (PreviewImporter) -> (artifact id: '20b9c5a28b4c98dbfbf23ca247aee6ed') in 0.002340183 seconds
Number of updated asset objects reloaded before import = 0Number of asset objects unloaded after import = 3

========================================================================
Received Import Request.
  Time since last request: 7.967544 seconds.
  path: Assets/UI/uxml/Register.uxml
  artifactKey: Guid(86d8fcd3a47bedf409289e10813453db) Importer(815301076,1909f56bfc062723c751e8b465ee728b)
Start importing Assets/UI/uxml/Register.uxml using Guid(86d8fcd3a47bedf409289e10813453db) Importer(815301076,1909f56bfc062723c751e8b465ee728b) (PreviewImporter) -> (artifact id: '087debaf45ba48063549cdf465fa3b37') in 0.001206104 seconds
Number of updated asset objects reloaded before import = 0Number of asset objects unloaded after import = 3

========================================================================
Received Import Request.
  Time since last request: 27.700999 seconds.
  path: Assets/UI/uxml/Register.uxml
  artifactKey: Guid(86d8fcd3a47bedf409289e10813453db) Importer(815301076,1909f56bfc062723c751e8b465ee728b)
Start importing Assets/UI/uxml/Register.uxml using Guid(86d8fcd3a47bedf409289e10813453db) Importer(815301076,1909f56bfc062723c751e8b465ee728b) (PreviewImporter) -> (artifact id: '72cecc819f10c2d5af0158e75a61f29b') in 0.001186388 seconds
Number of updated asset objects reloaded before import = 0Number of asset objects unloaded after import = 3

========================================================================
Received Import Request.
  Time since last request: 8.127979 seconds.
  path: Assets/UI/uxml/Register.uxml
  artifactKey: Guid(86d8fcd3a47bedf409289e10813453db) Importer(815301076,1909f56bfc062723c751e8b465ee728b)
Start importing Assets/UI/uxml/Register.uxml using Guid(86d8fcd3a47bedf409289e10813453db) Importer(815301076,1909f56bfc062723c751e8b465ee728b) (PreviewImporter) -> (artifact id: '27523adf4b180ece31cba45e473ec5c4') in 0.001199019 seconds
Number of updated asset objects reloaded before import = 0Number of asset objects unloaded after import = 3

========================================================================
Received Import Request.
  Time since last request: 29.323152 seconds.
  path: Assets/UI/uxml/Register.uxml
  artifactKey: Guid(86d8fcd3a47bedf409289e10813453db) Importer(815301076,1909f56bfc062723c751e8b465ee728b)
Start importing Assets/UI/uxml/Register.uxml using Guid(86d8fcd3a47bedf409289e10813453db) Importer(815301076,1909f56bfc062723c751e8b465ee728b) (PreviewImporter) -> (artifact id: '6816b136b06290374676dd4638081660') in 0.001193132 seconds
Number of updated asset objects reloaded before import = 0Number of asset objects unloaded after import = 3

========================================================================
Received Import Request.
  Time since last request: 18.645255 seconds.
  path: Assets/UI/uxml/Register.uxml
  artifactKey: Guid(86d8fcd3a47bedf409289e10813453db) Importer(815301076,1909f56bfc062723c751e8b465ee728b)
Start importing Assets/UI/uxml/Register.uxml using Guid(86d8fcd3a47bedf409289e10813453db) Importer(815301076,1909f56bfc062723c751e8b465ee728b) (PreviewImporter) -> (artifact id: '3b80d2fd53340e5d3cf778b86b41df69') in 0.001211456 seconds
Number of updated asset objects reloaded before import = 0Number of asset objects unloaded after import = 3

========================================================================
Received Import Request.
  Time since last request: 56.405400 seconds.
  path: Assets/UI/uxml/Register.uxml
  artifactKey: Guid(86d8fcd3a47bedf409289e10813453db) Importer(815301076,1909f56bfc062723c751e8b465ee728b)
Start importing Assets/UI/uxml/Register.uxml using Guid(86d8fcd3a47bedf409289e10813453db) Importer(815301076,1909f56bfc062723c751e8b465ee728b) (PreviewImporter) -> (artifact id: 'd181c478db2f9748050605d5ae0df309') in 0.001780836 seconds
Number of updated asset objects reloaded before import = 0Number of asset objects unloaded after import = 3

========================================================================
Received Import Request.
  Time since last request: 34.485531 seconds.
  path: Assets/UI/uxml/Register.uxml
  artifactKey: Guid(86d8fcd3a47bedf409289e10813453db) Importer(815301076,1909f56bfc062723c751e8b465ee728b)
Start importing Assets/UI/uxml/Register.uxml using Guid(86d8fcd3a47bedf409289e10813453db) Importer(815301076,1909f56bfc062723c751e8b465ee728b) (PreviewImporter) -> (artifact id: '118dc6c3f9dd0b7cbf1c193acc30b577') in 0.001242147 seconds
Number of updated asset objects reloaded before import = 0Number of asset objects unloaded after import = 3

========================================================================
Received Import Request.
  Time since last request: 27.301869 seconds.
  path: Assets/UI/uxml/Register.uxml
  artifactKey: Guid(86d8fcd3a47bedf409289e10813453db) Importer(815301076,1909f56bfc062723c751e8b465ee728b)
Start importing Assets/UI/uxml/Register.uxml using Guid(86d8fcd3a47bedf409289e10813453db) Importer(815301076,1909f56bfc062723c751e8b465ee728b) (PreviewImporter) -> (artifact id: '1cb324e883e9c8409f81a9a93aa863d0') in 0.001243679 seconds
Number of updated asset objects reloaded before import = 0Number of asset objects unloaded after import = 3

========================================================================
Received Import Request.
  Time since last request: 21.102215 seconds.
  path: Assets/UI/uxml/Register.uxml
  artifactKey: Guid(86d8fcd3a47bedf409289e10813453db) Importer(815301076,1909f56bfc062723c751e8b465ee728b)
Start importing Assets/UI/uxml/Register.uxml using Guid(86d8fcd3a47bedf409289e10813453db) Importer(815301076,1909f56bfc062723c751e8b465ee728b) (PreviewImporter) -> (artifact id: 'b11aa3708c2ef70cb8d657f4d4c4b209') in 0.001274977 seconds
Number of updated asset objects reloaded before import = 0Number of asset objects unloaded after import = 3

========================================================================
Received Import Request.
  Time since last request: 176.842669 seconds.
  path: Assets/UI/uxml/Register.uxml
  artifactKey: Guid(86d8fcd3a47bedf409289e10813453db) Importer(815301076,1909f56bfc062723c751e8b465ee728b)
Start importing Assets/UI/uxml/Register.uxml using Guid(86d8fcd3a47bedf409289e10813453db) Importer(815301076,1909f56bfc062723c751e8b465ee728b) (PreviewImporter) -> (artifact id: '36d0762d616b4febbca051b6c6d034b3') in 0.001292442 seconds
Number of updated asset objects reloaded before import = 0Number of asset objects unloaded after import = 3

========================================================================
Received Import Request.
  Time since last request: 12.024276 seconds.
  path: Assets/UI/uxml/Register.uxml
  artifactKey: Guid(86d8fcd3a47bedf409289e10813453db) Importer(815301076,1909f56bfc062723c751e8b465ee728b)
Start importing Assets/UI/uxml/Register.uxml using Guid(86d8fcd3a47bedf409289e10813453db) Importer(815301076,1909f56bfc062723c751e8b465ee728b) (PreviewImporter) -> (artifact id: '86fb21d71db0ff7e02de6de67a37d8aa') in 0.001351442 seconds
Number of updated asset objects reloaded before import = 0Number of asset objects unloaded after import = 3

========================================================================
Received Import Request.
  Time since last request: 11.387567 seconds.
  path: Assets/UI/uxml/Register.uxml
  artifactKey: Guid(86d8fcd3a47bedf409289e10813453db) Importer(815301076,1909f56bfc062723c751e8b465ee728b)
Start importing Assets/UI/uxml/Register.uxml using Guid(86d8fcd3a47bedf409289e10813453db) Importer(815301076,1909f56bfc062723c751e8b465ee728b) (PreviewImporter) -> (artifact id: '771ff33286e5420d8659475ec71d8f28') in 0.00138971 seconds
Number of updated asset objects reloaded before import = 0Number of asset objects unloaded after import = 3

========================================================================
Received Import Request.
  Time since last request: 19.580749 seconds.
  path: Assets/UI/uxml/Register.uxml
  artifactKey: Guid(86d8fcd3a47bedf409289e10813453db) Importer(815301076,1909f56bfc062723c751e8b465ee728b)
Start importing Assets/UI/uxml/Register.uxml using Guid(86d8fcd3a47bedf409289e10813453db) Importer(815301076,1909f56bfc062723c751e8b465ee728b) (PreviewImporter) -> (artifact id: '4c599f16b8d926b6aa15dd477dc40434') in 0.001299011 seconds
Number of updated asset objects reloaded before import = 0Number of asset objects unloaded after import = 3

========================================================================
Received Import Request.
  Time since last request: 14.454567 seconds.
  path: Assets/UI/uxml/Register.uxml
  artifactKey: Guid(86d8fcd3a47bedf409289e10813453db) Importer(815301076,1909f56bfc062723c751e8b465ee728b)
Start importing Assets/UI/uxml/Register.uxml using Guid(86d8fcd3a47bedf409289e10813453db) Importer(815301076,1909f56bfc062723c751e8b465ee728b) (PreviewImporter) -> (artifact id: 'acf96dfbe4d918c9563a54741d30c879') in 0.001327325 seconds
Number of updated asset objects reloaded before import = 0Number of asset objects unloaded after import = 3

========================================================================
Received Import Request.
  Time since last request: 24.970675 seconds.
  path: Assets/UI/uxml/Register.uxml
  artifactKey: Guid(86d8fcd3a47bedf409289e10813453db) Importer(815301076,1909f56bfc062723c751e8b465ee728b)
Start importing Assets/UI/uxml/Register.uxml using Guid(86d8fcd3a47bedf409289e10813453db) Importer(815301076,1909f56bfc062723c751e8b465ee728b) (PreviewImporter) -> (artifact id: '17fb7ee2e0252220ffd3caee39f2d060') in 0.001600347 seconds
Number of updated asset objects reloaded before import = 0Number of asset objects unloaded after import = 3

========================================================================
Received Import Request.
  Time since last request: 32.617537 seconds.
  path: Assets/UI/uxml/Register.uxml
  artifactKey: Guid(86d8fcd3a47bedf409289e10813453db) Importer(815301076,1909f56bfc062723c751e8b465ee728b)
Start importing Assets/UI/uxml/Register.uxml using Guid(86d8fcd3a47bedf409289e10813453db) Importer(815301076,1909f56bfc062723c751e8b465ee728b) (PreviewImporter) -> (artifact id: 'feedb132e99df215187cff924cb428f0') in 0.001302332 seconds
Number of updated asset objects reloaded before import = 0Number of asset objects unloaded after import = 3

========================================================================
Received Import Request.
  Time since last request: 31.673777 seconds.
  path: Assets/UI/uxml/Register.uxml
  artifactKey: Guid(86d8fcd3a47bedf409289e10813453db) Importer(815301076,1909f56bfc062723c751e8b465ee728b)
Start importing Assets/UI/uxml/Register.uxml using Guid(86d8fcd3a47bedf409289e10813453db) Importer(815301076,1909f56bfc062723c751e8b465ee728b) (PreviewImporter) -> (artifact id: '72318562150bf14a25670cb9d9735d21') in 0.001551734 seconds
Number of updated asset objects reloaded before import = 0Number of asset objects unloaded after import = 3

========================================================================
Received Import Request.
  Time since last request: 38.851892 seconds.
  path: Assets/UI/uxml/Register.uxml
  artifactKey: Guid(86d8fcd3a47bedf409289e10813453db) Importer(815301076,1909f56bfc062723c751e8b465ee728b)
Start importing Assets/UI/uxml/Register.uxml using Guid(86d8fcd3a47bedf409289e10813453db) Importer(815301076,1909f56bfc062723c751e8b465ee728b) (PreviewImporter) -> (artifact id: 'ea85ab3b4481af5ea0e30c628c469371') in 0.001314598 seconds
Number of updated asset objects reloaded before import = 0Number of asset objects unloaded after import = 3

========================================================================
Received Import Request.
  Time since last request: 10.080905 seconds.
  path: Assets/UI/uxml/Register.uxml
  artifactKey: Guid(86d8fcd3a47bedf409289e10813453db) Importer(815301076,1909f56bfc062723c751e8b465ee728b)
Start importing Assets/UI/uxml/Register.uxml using Guid(86d8fcd3a47bedf409289e10813453db) Importer(815301076,1909f56bfc062723c751e8b465ee728b) (PreviewImporter) -> (artifact id: 'db4493ae34d3f307acf847b63a93a038') in 0.001312363 seconds
Number of updated asset objects reloaded before import = 0Number of asset objects unloaded after import = 3

========================================================================
Received Import Request.
  Time since last request: 102.422605 seconds.
  path: Assets/UI/uxml/Register.uxml
  artifactKey: Guid(86d8fcd3a47bedf409289e10813453db) Importer(815301076,1909f56bfc062723c751e8b465ee728b)
Start importing Assets/UI/uxml/Register.uxml using Guid(86d8fcd3a47bedf409289e10813453db) Importer(815301076,1909f56bfc062723c751e8b465ee728b) (PreviewImporter) -> (artifact id: 'ac96569112a3495124b49718cb63fac4') in 0.00142717 seconds
Number of updated asset objects reloaded before import = 0Number of asset objects unloaded after import = 3

========================================================================
Received Prepare
Refreshing native plugins compatible for Editor in 0.25 ms, found 0 plugins.
Preloading 0 native plugins for Editor in 0.00 ms.
Unloading 27 Unused Serialized files (Serialized files now loaded: 0)
Unloading 5948 unused Assets / (5.8 MB). Loaded Objects now: 6621.
Memory consumption went from 120.7 MB to 114.8 MB.
Total: 8.635562 ms (FindLiveObjects: 0.414162 ms CreateObjectMapping: 0.411658 ms MarkObjects: 5.532737 ms  DeleteObjects: 2.275828 ms)

Prepare: number of updated asset objects reloaded= 0
========================================================================
Received Prepare
Begin MonoManager ReloadAssembly
- Loaded All Assemblies, in  0.511 seconds
Refreshing native plugins compatible for Editor in 0.21 ms, found 0 plugins.
Native extension for LinuxStandalone target not found
Native extension for WebGL target not found
Mono: successfully reloaded assembly
- Finished resetting the current domain, in  0.559 seconds
Domain Reload Profiling: 1072ms
	BeginReloadAssembly (127ms)
		ExecutionOrderSort (0ms)
		DisableScriptedObjects (5ms)
		BackupInstance (0ms)
		ReleaseScriptingObjects (0ms)
		CreateAndSetChildDomain (44ms)
	RebuildCommonClasses (29ms)
	RebuildNativeTypeToScriptingClass (7ms)
	initialDomainReloadingComplete (20ms)
	LoadAllAssembliesAndSetupDomain (330ms)
		LoadAssemblies (231ms)
		RebuildTransferFunctionScriptingTraits (0ms)
		AnalyzeDomain (143ms)
			TypeCache.Refresh (7ms)
				TypeCache.ScanAssembly (0ms)
			BuildScriptInfoCaches (126ms)
			ResolveRequiredComponents (8ms)
	FinalizeReload (559ms)
		ReleaseScriptCaches (0ms)
		RebuildScriptCaches (0ms)
		SetupLoadedEditorAssemblies (405ms)
			LogAssemblyErrors (0ms)
			InitializePlatformSupportModulesInManaged (2ms)
			SetLoadedEditorAssemblies (4ms)
			BeforeProcessingInitializeOnLoad (71ms)
			ProcessInitializeOnLoadAttributes (286ms)
			ProcessInitializeOnLoadMethodAttributes (40ms)
			AfterProcessingInitializeOnLoad (2ms)
			EditorAssembliesLoaded (0ms)
		ExecutionOrderSort2 (0ms)
		AwakeInstancesAfterBackupRestoration (7ms)
Refreshing native plugins compatible for Editor in 0.25 ms, found 0 plugins.
Preloading 0 native plugins for Editor in 0.00 ms.
Unloading 37 Unused Serialized files (Serialized files now loaded: 0)
Unloading 5954 unused Assets / (5.9 MB). Loaded Objects now: 6637.
Memory consumption went from 134.2 MB to 128.3 MB.
Total: 8.174657 ms (FindLiveObjects: 0.662272 ms CreateObjectMapping: 0.456469 ms MarkObjects: 4.777766 ms  DeleteObjects: 2.276970 ms)

Prepare: number of updated asset objects reloaded= 0
========================================================================
Received Prepare
Refreshing native plugins compatible for Editor in 0.25 ms, found 0 plugins.
Preloading 0 native plugins for Editor in 0.00 ms.
Unloading 26 Unused Serialized files (Serialized files now loaded: 0)
Unloading 5948 unused Assets / (6.0 MB). Loaded Objects now: 6638.
Memory consumption went from 132.5 MB to 126.5 MB.
Total: 7.760626 ms (FindLiveObjects: 0.420787 ms CreateObjectMapping: 0.398411 ms MarkObjects: 4.547907 ms  DeleteObjects: 2.392390 ms)

Prepare: number of updated asset objects reloaded= 0
========================================================================
Received Prepare
Begin MonoManager ReloadAssembly
- Loaded All Assemblies, in  0.478 seconds
Refreshing native plugins compatible for Editor in 0.29 ms, found 0 plugins.
Native extension for LinuxStandalone target not found
Native extension for WebGL target not found
Mono: successfully reloaded assembly
- Finished resetting the current domain, in  0.564 seconds
Domain Reload Profiling: 1044ms
	BeginReloadAssembly (116ms)
		ExecutionOrderSort (0ms)
		DisableScriptedObjects (4ms)
		BackupInstance (0ms)
		ReleaseScriptingObjects (0ms)
		CreateAndSetChildDomain (39ms)
	RebuildCommonClasses (28ms)
	RebuildNativeTypeToScriptingClass (7ms)
	initialDomainReloadingComplete (20ms)
	LoadAllAssembliesAndSetupDomain (308ms)
		LoadAssemblies (198ms)
		RebuildTransferFunctionScriptingTraits (0ms)
		AnalyzeDomain (146ms)
			TypeCache.Refresh (7ms)
				TypeCache.ScanAssembly (0ms)
			BuildScriptInfoCaches (129ms)
			ResolveRequiredComponents (8ms)
	FinalizeReload (565ms)
		ReleaseScriptCaches (0ms)
		RebuildScriptCaches (0ms)
		SetupLoadedEditorAssemblies (418ms)
			LogAssemblyErrors (0ms)
			InitializePlatformSupportModulesInManaged (4ms)
			SetLoadedEditorAssemblies (5ms)
			BeforeProcessingInitializeOnLoad (86ms)
			ProcessInitializeOnLoadAttributes (282ms)
			ProcessInitializeOnLoadMethodAttributes (39ms)
			AfterProcessingInitializeOnLoad (2ms)
			EditorAssembliesLoaded (0ms)
		ExecutionOrderSort2 (0ms)
		AwakeInstancesAfterBackupRestoration (7ms)
Refreshing native plugins compatible for Editor in 0.26 ms, found 0 plugins.
Preloading 0 native plugins for Editor in 0.00 ms.
Unloading 26 Unused Serialized files (Serialized files now loaded: 0)
Unloading 5955 unused Assets / (5.9 MB). Loaded Objects now: 6640.
Memory consumption went from 132.2 MB to 126.3 MB.
Total: 7.296131 ms (FindLiveObjects: 0.434650 ms CreateObjectMapping: 0.393959 ms MarkObjects: 4.204299 ms  DeleteObjects: 2.260590 ms)

Prepare: number of updated asset objects reloaded= 0
========================================================================
Received Prepare
Refreshing native plugins compatible for Editor in 0.26 ms, found 0 plugins.
Preloading 0 native plugins for Editor in 0.00 ms.
Unloading 26 Unused Serialized files (Serialized files now loaded: 0)
Unloading 5948 unused Assets / (6.0 MB). Loaded Objects now: 6640.
Memory consumption went from 132.4 MB to 126.4 MB.
Total: 7.102080 ms (FindLiveObjects: 0.447408 ms CreateObjectMapping: 0.421636 ms MarkObjects: 3.892540 ms  DeleteObjects: 2.339730 ms)

Prepare: number of updated asset objects reloaded= 0
========================================================================
Received Prepare
Refreshing native plugins compatible for Editor in 0.39 ms, found 0 plugins.
Preloading 0 native plugins for Editor in 0.00 ms.
Unloading 26 Unused Serialized files (Serialized files now loaded: 0)
Unloading 5949 unused Assets / (6.0 MB). Loaded Objects now: 6641.
Memory consumption went from 132.5 MB to 126.5 MB.
Total: 7.669677 ms (FindLiveObjects: 0.564944 ms CreateObjectMapping: 0.714818 ms MarkObjects: 3.991791 ms  DeleteObjects: 2.396943 ms)

Prepare: number of updated asset objects reloaded= 0
========================================================================
Received Prepare
Begin MonoManager ReloadAssembly
- Loaded All Assemblies, in  0.468 seconds
Refreshing native plugins compatible for Editor in 0.22 ms, found 0 plugins.
Native extension for LinuxStandalone target not found
Native extension for WebGL target not found
Mono: successfully reloaded assembly
- Finished resetting the current domain, in  0.480 seconds
Domain Reload Profiling: 950ms
	BeginReloadAssembly (112ms)
		ExecutionOrderSort (0ms)
		DisableScriptedObjects (5ms)
		BackupInstance (0ms)
		ReleaseScriptingObjects (0ms)
		CreateAndSetChildDomain (39ms)
	RebuildCommonClasses (28ms)
	RebuildNativeTypeToScriptingClass (7ms)
	initialDomainReloadingComplete (20ms)
	LoadAllAssembliesAndSetupDomain (303ms)
		LoadAssemblies (197ms)
		RebuildTransferFunctionScriptingTraits (0ms)
		AnalyzeDomain (142ms)
			TypeCache.Refresh (7ms)
				TypeCache.ScanAssembly (0ms)
			BuildScriptInfoCaches (125ms)
			ResolveRequiredComponents (8ms)
	FinalizeReload (480ms)
		ReleaseScriptCaches (0ms)
		RebuildScriptCaches (0ms)
		SetupLoadedEditorAssemblies (345ms)
			LogAssemblyErrors (0ms)
			InitializePlatformSupportModulesInManaged (2ms)
			SetLoadedEditorAssemblies (3ms)
			BeforeProcessingInitializeOnLoad (74ms)
			ProcessInitializeOnLoadAttributes (229ms)
			ProcessInitializeOnLoadMethodAttributes (35ms)
			AfterProcessingInitializeOnLoad (2ms)
			EditorAssembliesLoaded (0ms)
		ExecutionOrderSort2 (0ms)
		AwakeInstancesAfterBackupRestoration (7ms)
Refreshing native plugins compatible for Editor in 0.24 ms, found 0 plugins.
Preloading 0 native plugins for Editor in 0.00 ms.
Unloading 26 Unused Serialized files (Serialized files now loaded: 0)
Unloading 5956 unused Assets / (5.8 MB). Loaded Objects now: 6643.
Memory consumption went from 132.3 MB to 126.5 MB.
Total: 6.866993 ms (FindLiveObjects: 0.410414 ms CreateObjectMapping: 0.407243 ms MarkObjects: 3.866594 ms  DeleteObjects: 2.181722 ms)

Prepare: number of updated asset objects reloaded= 0
========================================================================
Received Prepare
Refreshing native plugins compatible for Editor in 0.26 ms, found 0 plugins.
Preloading 0 native plugins for Editor in 0.00 ms.
Unloading 26 Unused Serialized files (Serialized files now loaded: 0)
Unloading 5949 unused Assets / (7.0 MB). Loaded Objects now: 6643.
Memory consumption went from 132.5 MB to 125.5 MB.
Total: 7.380352 ms (FindLiveObjects: 0.444190 ms CreateObjectMapping: 0.432701 ms MarkObjects: 4.031634 ms  DeleteObjects: 2.470273 ms)

Prepare: number of updated asset objects reloaded= 0
========================================================================
Received Prepare
Begin MonoManager ReloadAssembly
- Loaded All Assemblies, in  0.474 seconds
Refreshing native plugins compatible for Editor in 0.21 ms, found 0 plugins.
Native extension for LinuxStandalone target not found
Native extension for WebGL target not found
Mono: successfully reloaded assembly
- Finished resetting the current domain, in  0.511 seconds
Domain Reload Profiling: 987ms
	BeginReloadAssembly (114ms)
		ExecutionOrderSort (0ms)
		DisableScriptedObjects (4ms)
		BackupInstance (0ms)
		ReleaseScriptingObjects (0ms)
		CreateAndSetChildDomain (41ms)
	RebuildCommonClasses (28ms)
	RebuildNativeTypeToScriptingClass (7ms)
	initialDomainReloadingComplete (19ms)
	LoadAllAssembliesAndSetupDomain (307ms)
		LoadAssemblies (200ms)
		RebuildTransferFunctionScriptingTraits (0ms)
		AnalyzeDomain (143ms)
			TypeCache.Refresh (7ms)
				TypeCache.ScanAssembly (0ms)
			BuildScriptInfoCaches (126ms)
			ResolveRequiredComponents (8ms)
	FinalizeReload (512ms)
		ReleaseScriptCaches (0ms)
		RebuildScriptCaches (0ms)
		SetupLoadedEditorAssemblies (371ms)
			LogAssemblyErrors (0ms)
			InitializePlatformSupportModulesInManaged (2ms)
			SetLoadedEditorAssemblies (4ms)
			BeforeProcessingInitializeOnLoad (73ms)
			ProcessInitializeOnLoadAttributes (245ms)
			ProcessInitializeOnLoadMethodAttributes (44ms)
			AfterProcessingInitializeOnLoad (2ms)
			EditorAssembliesLoaded (0ms)
		ExecutionOrderSort2 (0ms)
		AwakeInstancesAfterBackupRestoration (7ms)
Refreshing native plugins compatible for Editor in 0.25 ms, found 0 plugins.
Preloading 0 native plugins for Editor in 0.00 ms.
Unloading 26 Unused Serialized files (Serialized files now loaded: 0)
Unloading 5956 unused Assets / (7.3 MB). Loaded Objects now: 6645.
Memory consumption went from 132.3 MB to 125.0 MB.
Total: 8.129087 ms (FindLiveObjects: 0.429909 ms CreateObjectMapping: 0.416032 ms MarkObjects: 4.017405 ms  DeleteObjects: 3.264472 ms)

Prepare: number of updated asset objects reloaded= 0
========================================================================
Received Prepare
Begin MonoManager ReloadAssembly
- Loaded All Assemblies, in  0.469 seconds
Refreshing native plugins compatible for Editor in 0.23 ms, found 0 plugins.
Native extension for LinuxStandalone target not found
Native extension for WebGL target not found
Mono: successfully reloaded assembly
- Finished resetting the current domain, in  0.524 seconds
Domain Reload Profiling: 995ms
	BeginReloadAssembly (112ms)
		ExecutionOrderSort (0ms)
		DisableScriptedObjects (4ms)
		BackupInstance (0ms)
		ReleaseScriptingObjects (0ms)
		CreateAndSetChildDomain (39ms)
	RebuildCommonClasses (28ms)
	RebuildNativeTypeToScriptingClass (7ms)
	initialDomainReloadingComplete (19ms)
	LoadAllAssembliesAndSetupDomain (305ms)
		LoadAssemblies (195ms)
		RebuildTransferFunctionScriptingTraits (0ms)
		AnalyzeDomain (147ms)
			TypeCache.Refresh (6ms)
				TypeCache.ScanAssembly (0ms)
			BuildScriptInfoCaches (131ms)
			ResolveRequiredComponents (8ms)
	FinalizeReload (524ms)
		ReleaseScriptCaches (0ms)
		RebuildScriptCaches (0ms)
		SetupLoadedEditorAssemblies (383ms)
			LogAssemblyErrors (0ms)
			InitializePlatformSupportModulesInManaged (2ms)
			SetLoadedEditorAssemblies (4ms)
			BeforeProcessingInitializeOnLoad (73ms)
			ProcessInitializeOnLoadAttributes (264ms)
			ProcessInitializeOnLoadMethodAttributes (37ms)
			AfterProcessingInitializeOnLoad (2ms)
			EditorAssembliesLoaded (0ms)
		ExecutionOrderSort2 (0ms)
		AwakeInstancesAfterBackupRestoration (7ms)
Refreshing native plugins compatible for Editor in 0.31 ms, found 0 plugins.
Preloading 0 native plugins for Editor in 0.00 ms.
Unloading 26 Unused Serialized files (Serialized files now loaded: 0)
Unloading 5956 unused Assets / (6.7 MB). Loaded Objects now: 6647.
Memory consumption went from 132.3 MB to 125.6 MB.
Total: 7.586769 ms (FindLiveObjects: 0.469208 ms CreateObjectMapping: 0.417464 ms MarkObjects: 4.338961 ms  DeleteObjects: 2.359839 ms)

Prepare: number of updated asset objects reloaded= 0
========================================================================
Received Prepare
Begin MonoManager ReloadAssembly
- Loaded All Assemblies, in  0.464 seconds
Refreshing native plugins compatible for Editor in 0.23 ms, found 0 plugins.
Native extension for LinuxStandalone target not found
Native extension for WebGL target not found
Mono: successfully reloaded assembly
- Finished resetting the current domain, in  0.519 seconds
Domain Reload Profiling: 984ms
	BeginReloadAssembly (111ms)
		ExecutionOrderSort (0ms)
		DisableScriptedObjects (4ms)
		BackupInstance (0ms)
		ReleaseScriptingObjects (0ms)
		CreateAndSetChildDomain (39ms)
	RebuildCommonClasses (28ms)
	RebuildNativeTypeToScriptingClass (6ms)
	initialDomainReloadingComplete (20ms)
	LoadAllAssembliesAndSetupDomain (300ms)
		LoadAssemblies (196ms)
		RebuildTransferFunctionScriptingTraits (0ms)
		AnalyzeDomain (140ms)
			TypeCache.Refresh (7ms)
				TypeCache.ScanAssembly (0ms)
			BuildScriptInfoCaches (123ms)
			ResolveRequiredComponents (8ms)
	FinalizeReload (519ms)
		ReleaseScriptCaches (0ms)
		RebuildScriptCaches (0ms)
		SetupLoadedEditorAssemblies (374ms)
			LogAssemblyErrors (0ms)
			InitializePlatformSupportModulesInManaged (2ms)
			SetLoadedEditorAssemblies (4ms)
			BeforeProcessingInitializeOnLoad (80ms)
			ProcessInitializeOnLoadAttributes (247ms)
			ProcessInitializeOnLoadMethodAttributes (39ms)
			AfterProcessingInitializeOnLoad (2ms)
			EditorAssembliesLoaded (0ms)
		ExecutionOrderSort2 (0ms)
		AwakeInstancesAfterBackupRestoration (7ms)
Refreshing native plugins compatible for Editor in 0.25 ms, found 0 plugins.
Preloading 0 native plugins for Editor in 0.00 ms.
Unloading 26 Unused Serialized files (Serialized files now loaded: 0)
Unloading 5956 unused Assets / (6.6 MB). Loaded Objects now: 6649.
Memory consumption went from 132.3 MB to 125.7 MB.
Total: 7.493039 ms (FindLiveObjects: 0.654994 ms CreateObjectMapping: 0.318727 ms MarkObjects: 4.194100 ms  DeleteObjects: 2.324146 ms)

Prepare: number of updated asset objects reloaded= 0
========================================================================
Received Prepare
Begin MonoManager ReloadAssembly
- Loaded All Assemblies, in  0.469 seconds
Refreshing native plugins compatible for Editor in 0.20 ms, found 0 plugins.
Native extension for LinuxStandalone target not found
Native extension for WebGL target not found
Mono: successfully reloaded assembly
- Finished resetting the current domain, in  0.503 seconds
Domain Reload Profiling: 974ms
	BeginReloadAssembly (112ms)
		ExecutionOrderSort (0ms)
		DisableScriptedObjects (4ms)
		BackupInstance (0ms)
		ReleaseScriptingObjects (0ms)
		CreateAndSetChildDomain (39ms)
	RebuildCommonClasses (29ms)
	RebuildNativeTypeToScriptingClass (6ms)
	initialDomainReloadingComplete (20ms)
	LoadAllAssembliesAndSetupDomain (303ms)
		LoadAssemblies (198ms)
		RebuildTransferFunctionScriptingTraits (0ms)
		AnalyzeDomain (142ms)
			TypeCache.Refresh (6ms)
				TypeCache.ScanAssembly (0ms)
			BuildScriptInfoCaches (126ms)
			ResolveRequiredComponents (8ms)
	FinalizeReload (503ms)
		ReleaseScriptCaches (0ms)
		RebuildScriptCaches (0ms)
		SetupLoadedEditorAssemblies (363ms)
			LogAssemblyErrors (0ms)
			InitializePlatformSupportModulesInManaged (2ms)
			SetLoadedEditorAssemblies (4ms)
			BeforeProcessingInitializeOnLoad (75ms)
			ProcessInitializeOnLoadAttributes (242ms)
			ProcessInitializeOnLoadMethodAttributes (38ms)
			AfterProcessingInitializeOnLoad (2ms)
			EditorAssembliesLoaded (0ms)
		ExecutionOrderSort2 (0ms)
		AwakeInstancesAfterBackupRestoration (7ms)
Refreshing native plugins compatible for Editor in 0.26 ms, found 0 plugins.
Preloading 0 native plugins for Editor in 0.00 ms.
Unloading 26 Unused Serialized files (Serialized files now loaded: 0)
Unloading 5956 unused Assets / (6.2 MB). Loaded Objects now: 6651.
Memory consumption went from 132.3 MB to 126.0 MB.
Total: 7.359114 ms (FindLiveObjects: 0.421088 ms CreateObjectMapping: 0.390993 ms MarkObjects: 4.029965 ms  DeleteObjects: 2.514054 ms)

Prepare: number of updated asset objects reloaded= 0
========================================================================
Received Prepare
Refreshing native plugins compatible for Editor in 0.32 ms, found 0 plugins.
Preloading 0 native plugins for Editor in 0.00 ms.
Unloading 26 Unused Serialized files (Serialized files now loaded: 0)
Unloading 5949 unused Assets / (7.0 MB). Loaded Objects now: 6651.
Memory consumption went from 132.5 MB to 125.5 MB.
Total: 10.070532 ms (FindLiveObjects: 0.731850 ms CreateObjectMapping: 0.759213 ms MarkObjects: 5.286585 ms  DeleteObjects: 3.291649 ms)

Prepare: number of updated asset objects reloaded= 0
========================================================================
Received Prepare
Begin MonoManager ReloadAssembly
- Loaded All Assemblies, in  0.470 seconds
Refreshing native plugins compatible for Editor in 0.22 ms, found 0 plugins.
Native extension for LinuxStandalone target not found
Native extension for WebGL target not found
Mono: successfully reloaded assembly
- Finished resetting the current domain, in  0.507 seconds
Domain Reload Profiling: 978ms
	BeginReloadAssembly (115ms)
		ExecutionOrderSort (0ms)
		DisableScriptedObjects (4ms)
		BackupInstance (0ms)
		ReleaseScriptingObjects (0ms)
		CreateAndSetChildDomain (40ms)
	RebuildCommonClasses (29ms)
	RebuildNativeTypeToScriptingClass (6ms)
	initialDomainReloadingComplete (21ms)
	LoadAllAssembliesAndSetupDomain (299ms)
		LoadAssemblies (197ms)
		RebuildTransferFunctionScriptingTraits (0ms)
		AnalyzeDomain (141ms)
			TypeCache.Refresh (7ms)
				TypeCache.ScanAssembly (0ms)
			BuildScriptInfoCaches (124ms)
			ResolveRequiredComponents (8ms)
	FinalizeReload (507ms)
		ReleaseScriptCaches (0ms)
		RebuildScriptCaches (0ms)
		SetupLoadedEditorAssemblies (365ms)
			LogAssemblyErrors (0ms)
			InitializePlatformSupportModulesInManaged (2ms)
			SetLoadedEditorAssemblies (5ms)
			BeforeProcessingInitializeOnLoad (76ms)
			ProcessInitializeOnLoadAttributes (244ms)
			ProcessInitializeOnLoadMethodAttributes (36ms)
			AfterProcessingInitializeOnLoad (2ms)
			EditorAssembliesLoaded (0ms)
		ExecutionOrderSort2 (0ms)
		AwakeInstancesAfterBackupRestoration (7ms)
Refreshing native plugins compatible for Editor in 0.24 ms, found 0 plugins.
Preloading 0 native plugins for Editor in 0.00 ms.
Unloading 26 Unused Serialized files (Serialized files now loaded: 0)
Unloading 5956 unused Assets / (5.8 MB). Loaded Objects now: 6653.
Memory consumption went from 132.3 MB to 126.5 MB.
Total: 7.406674 ms (FindLiveObjects: 0.425375 ms CreateObjectMapping: 0.421100 ms MarkObjects: 4.298314 ms  DeleteObjects: 2.260745 ms)

Prepare: number of updated asset objects reloaded= 0
========================================================================
Received Prepare
Begin MonoManager ReloadAssembly
- Loaded All Assemblies, in  0.475 seconds
Refreshing native plugins compatible for Editor in 0.22 ms, found 0 plugins.
Native extension for LinuxStandalone target not found
Native extension for WebGL target not found
Mono: successfully reloaded assembly
- Finished resetting the current domain, in  0.504 seconds
Domain Reload Profiling: 981ms
	BeginReloadAssembly (119ms)
		ExecutionOrderSort (0ms)
		DisableScriptedObjects (7ms)
		BackupInstance (0ms)
		ReleaseScriptingObjects (0ms)
		CreateAndSetChildDomain (41ms)
	RebuildCommonClasses (30ms)
	RebuildNativeTypeToScriptingClass (7ms)
	initialDomainReloadingComplete (21ms)
	LoadAllAssembliesAndSetupDomain (299ms)
		LoadAssemblies (198ms)
		RebuildTransferFunctionScriptingTraits (0ms)
		AnalyzeDomain (141ms)
			TypeCache.Refresh (5ms)
				TypeCache.ScanAssembly (0ms)
			BuildScriptInfoCaches (125ms)
			ResolveRequiredComponents (8ms)
	FinalizeReload (504ms)
		ReleaseScriptCaches (0ms)
		RebuildScriptCaches (0ms)
		SetupLoadedEditorAssemblies (361ms)
			LogAssemblyErrors (0ms)
			InitializePlatformSupportModulesInManaged (2ms)
			SetLoadedEditorAssemblies (4ms)
			BeforeProcessingInitializeOnLoad (72ms)
			ProcessInitializeOnLoadAttributes (243ms)
			ProcessInitializeOnLoadMethodAttributes (37ms)
			AfterProcessingInitializeOnLoad (2ms)
			EditorAssembliesLoaded (0ms)
		ExecutionOrderSort2 (0ms)
		AwakeInstancesAfterBackupRestoration (7ms)
Refreshing native plugins compatible for Editor in 0.25 ms, found 0 plugins.
Preloading 0 native plugins for Editor in 0.00 ms.
Unloading 26 Unused Serialized files (Serialized files now loaded: 0)
Unloading 5956 unused Assets / (5.9 MB). Loaded Objects now: 6655.
Memory consumption went from 132.3 MB to 126.4 MB.
Total: 7.107401 ms (FindLiveObjects: 0.421298 ms CreateObjectMapping: 0.433151 ms MarkObjects: 3.974435 ms  DeleteObjects: 2.277275 ms)

Prepare: number of updated asset objects reloaded= 0
========================================================================
Received Prepare
Begin MonoManager ReloadAssembly
- Loaded All Assemblies, in  0.469 seconds
Refreshing native plugins compatible for Editor in 0.21 ms, found 0 plugins.
Native extension for LinuxStandalone target not found
Native extension for WebGL target not found
Mono: successfully reloaded assembly
- Finished resetting the current domain, in  0.520 seconds
Domain Reload Profiling: 991ms
	BeginReloadAssembly (110ms)
		ExecutionOrderSort (0ms)
		DisableScriptedObjects (4ms)
		BackupInstance (0ms)
		ReleaseScriptingObjects (0ms)
		CreateAndSetChildDomain (38ms)
	RebuildCommonClasses (28ms)
	RebuildNativeTypeToScriptingClass (7ms)
	initialDomainReloadingComplete (19ms)
	LoadAllAssembliesAndSetupDomain (307ms)
		LoadAssemblies (195ms)
		RebuildTransferFunctionScriptingTraits (0ms)
		AnalyzeDomain (148ms)
			TypeCache.Refresh (7ms)
				TypeCache.ScanAssembly (0ms)
			BuildScriptInfoCaches (131ms)
			ResolveRequiredComponents (8ms)
	FinalizeReload (520ms)
		ReleaseScriptCaches (0ms)
		RebuildScriptCaches (0ms)
		SetupLoadedEditorAssemblies (377ms)
			LogAssemblyErrors (0ms)
			InitializePlatformSupportModulesInManaged (2ms)
			SetLoadedEditorAssemblies (4ms)
			BeforeProcessingInitializeOnLoad (76ms)
			ProcessInitializeOnLoadAttributes (243ms)
			ProcessInitializeOnLoadMethodAttributes (49ms)
			AfterProcessingInitializeOnLoad (2ms)
			EditorAssembliesLoaded (0ms)
		ExecutionOrderSort2 (0ms)
		AwakeInstancesAfterBackupRestoration (8ms)
Refreshing native plugins compatible for Editor in 0.26 ms, found 0 plugins.
Preloading 0 native plugins for Editor in 0.00 ms.
Unloading 26 Unused Serialized files (Serialized files now loaded: 0)
Unloading 5956 unused Assets / (6.2 MB). Loaded Objects now: 6657.
Memory consumption went from 132.3 MB to 126.1 MB.
Total: 7.507785 ms (FindLiveObjects: 0.523167 ms CreateObjectMapping: 0.407662 ms MarkObjects: 4.212405 ms  DeleteObjects: 2.362953 ms)

Prepare: number of updated asset objects reloaded= 0
========================================================================
Received Import Request.
  Time since last request: 2662.592996 seconds.
  path: Assets/UI/uxml/Login.uxml
  artifactKey: Guid(4f56f7a05c675d9d4a5645de4d10e6cc) Importer(815301076,1909f56bfc062723c751e8b465ee728b)
Start importing Assets/UI/uxml/Login.uxml using Guid(4f56f7a05c675d9d4a5645de4d10e6cc) Importer(815301076,1909f56bfc062723c751e8b465ee728b) (PreviewImporter) -> (artifact id: '528ac979669f6ed4a93272a671c16a0d') in 0.023422002 seconds
Number of updated asset objects reloaded before import = 0Number of asset objects unloaded after import = 3

========================================================================
Received Import Request.
  Time since last request: 184.666916 seconds.
  path: Assets/UI/uxml/Login.uxml
  artifactKey: Guid(4f56f7a05c675d9d4a5645de4d10e6cc) Importer(815301076,1909f56bfc062723c751e8b465ee728b)
Start importing Assets/UI/uxml/Login.uxml using Guid(4f56f7a05c675d9d4a5645de4d10e6cc) Importer(815301076,1909f56bfc062723c751e8b465ee728b) (PreviewImporter) -> (artifact id: 'f96509df161d7b5c499b67371eaef137') in 0.001353782 seconds
Number of updated asset objects reloaded before import = 0Number of asset objects unloaded after import = 3

========================================================================
Received Import Request.
  Time since last request: 11.595268 seconds.
  path: Assets/UI/uxml/Login.uxml
  artifactKey: Guid(4f56f7a05c675d9d4a5645de4d10e6cc) Importer(815301076,1909f56bfc062723c751e8b465ee728b)
Start importing Assets/UI/uxml/Login.uxml using Guid(4f56f7a05c675d9d4a5645de4d10e6cc) Importer(815301076,1909f56bfc062723c751e8b465ee728b) (PreviewImporter) -> (artifact id: '6227a78fecdfcf5acbf6e2c222870323') in 0.001542731 seconds
Number of updated asset objects reloaded before import = 0Number of asset objects unloaded after import = 3

========================================================================
Received Import Request.
  Time since last request: 14.002923 seconds.
  path: Assets/UI/uxml/Login.uxml
  artifactKey: Guid(4f56f7a05c675d9d4a5645de4d10e6cc) Importer(815301076,1909f56bfc062723c751e8b465ee728b)
Start importing Assets/UI/uxml/Login.uxml using Guid(4f56f7a05c675d9d4a5645de4d10e6cc) Importer(815301076,1909f56bfc062723c751e8b465ee728b) (PreviewImporter) -> (artifact id: 'd3f9f0c4be73b2533f33dcb5e2cf0403') in 0.001406785 seconds
Number of updated asset objects reloaded before import = 0Number of asset objects unloaded after import = 3

========================================================================
Received Import Request.
  Time since last request: 5.583169 seconds.
  path: Assets/UI/uxml/Login.uxml
  artifactKey: Guid(4f56f7a05c675d9d4a5645de4d10e6cc) Importer(815301076,1909f56bfc062723c751e8b465ee728b)
Start importing Assets/UI/uxml/Login.uxml using Guid(4f56f7a05c675d9d4a5645de4d10e6cc) Importer(815301076,1909f56bfc062723c751e8b465ee728b) (PreviewImporter) -> (artifact id: '0994b41a5dcd99a3290b056c82ffdbe1') in 0.001357347 seconds
Number of updated asset objects reloaded before import = 0Number of asset objects unloaded after import = 3

========================================================================
Received Import Request.
  Time since last request: 120.267834 seconds.
  path: Assets/VLLang.asset
  artifactKey: Guid(a12e9e7735a6b457f9dca5988844483a) Importer(815301076,1909f56bfc062723c751e8b465ee728b)
Start importing Assets/VLLang.asset using Guid(a12e9e7735a6b457f9dca5988844483a) Importer(815301076,1909f56bfc062723c751e8b465ee728b) (PreviewImporter) -> (artifact id: 'e1b5b9d0c82af813757402405460dae2') in 0.013444765 seconds
Number of updated asset objects reloaded before import = 0Number of asset objects unloaded after import = 26

========================================================================
Received Prepare
Refreshing native plugins compatible for Editor in 0.32 ms, found 0 plugins.
Preloading 0 native plugins for Editor in 0.00 ms.
Unloading 26 Unused Serialized files (Serialized files now loaded: 0)
Unloading 5951 unused Assets / (6.2 MB). Loaded Objects now: 6660.
Memory consumption went from 133.0 MB to 126.8 MB.
Total: 8.303519 ms (FindLiveObjects: 0.604834 ms CreateObjectMapping: 0.568876 ms MarkObjects: 4.571442 ms  DeleteObjects: 2.557543 ms)

Prepare: number of updated asset objects reloaded= 0
========================================================================
Received Prepare
Begin MonoManager ReloadAssembly
- Loaded All Assemblies, in  0.520 seconds
Refreshing native plugins compatible for Editor in 0.22 ms, found 0 plugins.
Native extension for LinuxStandalone target not found
Native extension for WebGL target not found
Mono: successfully reloaded assembly
- Finished resetting the current domain, in  0.530 seconds
Domain Reload Profiling: 1053ms
	BeginReloadAssembly (135ms)
		ExecutionOrderSort (0ms)
		DisableScriptedObjects (4ms)
		BackupInstance (0ms)
		ReleaseScriptingObjects (0ms)
		CreateAndSetChildDomain (55ms)
	RebuildCommonClasses (33ms)
	RebuildNativeTypeToScriptingClass (10ms)
	initialDomainReloadingComplete (23ms)
	LoadAllAssembliesAndSetupDomain (321ms)
		LoadAssemblies (205ms)
		RebuildTransferFunctionScriptingTraits (0ms)
		AnalyzeDomain (154ms)
			TypeCache.Refresh (7ms)
				TypeCache.ScanAssembly (0ms)
			BuildScriptInfoCaches (137ms)
			ResolveRequiredComponents (8ms)
	FinalizeReload (531ms)
		ReleaseScriptCaches (0ms)
		RebuildScriptCaches (0ms)
		SetupLoadedEditorAssemblies (373ms)
			LogAssemblyErrors (0ms)
			InitializePlatformSupportModulesInManaged (3ms)
			SetLoadedEditorAssemblies (4ms)
			BeforeProcessingInitializeOnLoad (80ms)
			ProcessInitializeOnLoadAttributes (243ms)
			ProcessInitializeOnLoadMethodAttributes (39ms)
			AfterProcessingInitializeOnLoad (2ms)
			EditorAssembliesLoaded (0ms)
		ExecutionOrderSort2 (0ms)
		AwakeInstancesAfterBackupRestoration (8ms)
Refreshing native plugins compatible for Editor in 0.25 ms, found 0 plugins.
Preloading 0 native plugins for Editor in 0.00 ms.
Unloading 26 Unused Serialized files (Serialized files now loaded: 0)
Unloading 5957 unused Assets / (6.2 MB). Loaded Objects now: 6662.
Memory consumption went from 132.4 MB to 126.2 MB.
Total: 7.096114 ms (FindLiveObjects: 0.480982 ms CreateObjectMapping: 0.389740 ms MarkObjects: 4.064320 ms  DeleteObjects: 2.160422 ms)

Prepare: number of updated asset objects reloaded= 0
========================================================================
Received Prepare
Begin MonoManager ReloadAssembly
- Loaded All Assemblies, in  0.481 seconds
Refreshing native plugins compatible for Editor in 0.22 ms, found 0 plugins.
Native extension for LinuxStandalone target not found
Native extension for WebGL target not found
Mono: successfully reloaded assembly
- Finished resetting the current domain, in  0.507 seconds
Domain Reload Profiling: 989ms
	BeginReloadAssembly (120ms)
		ExecutionOrderSort (0ms)
		DisableScriptedObjects (4ms)
		BackupInstance (0ms)
		ReleaseScriptingObjects (0ms)
		CreateAndSetChildDomain (48ms)
	RebuildCommonClasses (29ms)
	RebuildNativeTypeToScriptingClass (7ms)
	initialDomainReloadingComplete (20ms)
	LoadAllAssembliesAndSetupDomain (307ms)
		LoadAssemblies (199ms)
		RebuildTransferFunctionScriptingTraits (0ms)
		AnalyzeDomain (144ms)
			TypeCache.Refresh (7ms)
				TypeCache.ScanAssembly (0ms)
			BuildScriptInfoCaches (127ms)
			ResolveRequiredComponents (8ms)
	FinalizeReload (507ms)
		ReleaseScriptCaches (0ms)
		RebuildScriptCaches (0ms)
		SetupLoadedEditorAssemblies (364ms)
			LogAssemblyErrors (0ms)
			InitializePlatformSupportModulesInManaged (2ms)
			SetLoadedEditorAssemblies (4ms)
			BeforeProcessingInitializeOnLoad (75ms)
			ProcessInitializeOnLoadAttributes (246ms)
			ProcessInitializeOnLoadMethodAttributes (34ms)
			AfterProcessingInitializeOnLoad (2ms)
			EditorAssembliesLoaded (0ms)
		ExecutionOrderSort2 (0ms)
		AwakeInstancesAfterBackupRestoration (7ms)
Refreshing native plugins compatible for Editor in 0.26 ms, found 0 plugins.
Preloading 0 native plugins for Editor in 0.00 ms.
Unloading 26 Unused Serialized files (Serialized files now loaded: 0)
Unloading 5957 unused Assets / (6.8 MB). Loaded Objects now: 6664.
Memory consumption went from 132.4 MB to 125.6 MB.
Total: 7.741915 ms (FindLiveObjects: 0.495859 ms CreateObjectMapping: 0.442872 ms MarkObjects: 3.971252 ms  DeleteObjects: 2.831194 ms)

Prepare: number of updated asset objects reloaded= 0
========================================================================
Received Prepare
Refreshing native plugins compatible for Editor in 0.26 ms, found 0 plugins.
Preloading 0 native plugins for Editor in 0.00 ms.
Unloading 26 Unused Serialized files (Serialized files now loaded: 0)
Unloading 5951 unused Assets / (6.6 MB). Loaded Objects now: 6665.
Memory consumption went from 132.6 MB to 126.0 MB.
Total: 7.233185 ms (FindLiveObjects: 0.432599 ms CreateObjectMapping: 0.431876 ms MarkObjects: 4.043411 ms  DeleteObjects: 2.324342 ms)

Prepare: number of updated asset objects reloaded= 0
========================================================================
Received Prepare
Begin MonoManager ReloadAssembly
- Loaded All Assemblies, in  0.474 seconds
Refreshing native plugins compatible for Editor in 0.21 ms, found 0 plugins.
Native extension for LinuxStandalone target not found
Native extension for WebGL target not found
Mono: successfully reloaded assembly
- Finished resetting the current domain, in  0.503 seconds
Domain Reload Profiling: 980ms
	BeginReloadAssembly (115ms)
		ExecutionOrderSort (0ms)
		DisableScriptedObjects (4ms)
		BackupInstance (0ms)
		ReleaseScriptingObjects (0ms)
		CreateAndSetChildDomain (41ms)
	RebuildCommonClasses (29ms)
	RebuildNativeTypeToScriptingClass (7ms)
	initialDomainReloadingComplete (22ms)
	LoadAllAssembliesAndSetupDomain (302ms)
		LoadAssemblies (196ms)
		RebuildTransferFunctionScriptingTraits (0ms)
		AnalyzeDomain (144ms)
			TypeCache.Refresh (7ms)
				TypeCache.ScanAssembly (0ms)
			BuildScriptInfoCaches (126ms)
			ResolveRequiredComponents (8ms)
	FinalizeReload (504ms)
		ReleaseScriptCaches (0ms)
		RebuildScriptCaches (0ms)
		SetupLoadedEditorAssemblies (361ms)
			LogAssemblyErrors (0ms)
			InitializePlatformSupportModulesInManaged (2ms)
			SetLoadedEditorAssemblies (5ms)
			BeforeProcessingInitializeOnLoad (79ms)
			ProcessInitializeOnLoadAttributes (237ms)
			ProcessInitializeOnLoadMethodAttributes (35ms)
			AfterProcessingInitializeOnLoad (2ms)
			EditorAssembliesLoaded (0ms)
		ExecutionOrderSort2 (0ms)
		AwakeInstancesAfterBackupRestoration (7ms)
Refreshing native plugins compatible for Editor in 0.24 ms, found 0 plugins.
Preloading 0 native plugins for Editor in 0.00 ms.
Unloading 26 Unused Serialized files (Serialized files now loaded: 0)
Unloading 5958 unused Assets / (6.7 MB). Loaded Objects now: 6667.
Memory consumption went from 132.4 MB to 125.7 MB.
Total: 8.642716 ms (FindLiveObjects: 0.709353 ms CreateObjectMapping: 0.467535 ms MarkObjects: 4.917376 ms  DeleteObjects: 2.547447 ms)

Prepare: number of updated asset objects reloaded= 0
